Archive member included to satisfy reference by file (symbol)

D:/Software/Arm Toolchain/arm-gnu-toolchain-13.2.rel1-mingw-w64-i686-arm-none-eabi/arm-gnu-toolchain-13.2.Rel1-mingw-w64-i686-arm-none-eabi/bin/../lib/gcc/arm-none-eabi/13.2.1/thumb/v7e-m+fp/hard\libc_nano.a(libc_a-exit.o)
                              D:/Software/Arm Toolchain/arm-gnu-toolchain-13.2.rel1-mingw-w64-i686-arm-none-eabi/arm-gnu-toolchain-13.2.Rel1-mingw-w64-i686-arm-none-eabi/bin/../lib/gcc/arm-none-eabi/13.2.1/thumb/v7e-m+fp/hard/crt0.o (exit)
D:/Software/Arm Toolchain/arm-gnu-toolchain-13.2.rel1-mingw-w64-i686-arm-none-eabi/arm-gnu-toolchain-13.2.Rel1-mingw-w64-i686-arm-none-eabi/bin/../lib/gcc/arm-none-eabi/13.2.1/thumb/v7e-m+fp/hard\libc_nano.a(libc_a-findfp.o)
                              D:/Software/Arm Toolchain/arm-gnu-toolchain-13.2.rel1-mingw-w64-i686-arm-none-eabi/arm-gnu-toolchain-13.2.Rel1-mingw-w64-i686-arm-none-eabi/bin/../lib/gcc/arm-none-eabi/13.2.1/thumb/v7e-m+fp/hard\libc_nano.a(libc_a-exit.o) (__stdio_exit_handler)
D:/Software/Arm Toolchain/arm-gnu-toolchain-13.2.rel1-mingw-w64-i686-arm-none-eabi/arm-gnu-toolchain-13.2.Rel1-mingw-w64-i686-arm-none-eabi/bin/../lib/gcc/arm-none-eabi/13.2.1/thumb/v7e-m+fp/hard\libc_nano.a(libc_a-fwalk.o)
                              D:/Software/Arm Toolchain/arm-gnu-toolchain-13.2.rel1-mingw-w64-i686-arm-none-eabi/arm-gnu-toolchain-13.2.Rel1-mingw-w64-i686-arm-none-eabi/bin/../lib/gcc/arm-none-eabi/13.2.1/thumb/v7e-m+fp/hard\libc_nano.a(libc_a-findfp.o) (_fwalk_sglue)
D:/Software/Arm Toolchain/arm-gnu-toolchain-13.2.rel1-mingw-w64-i686-arm-none-eabi/arm-gnu-toolchain-13.2.Rel1-mingw-w64-i686-arm-none-eabi/bin/../lib/gcc/arm-none-eabi/13.2.1/thumb/v7e-m+fp/hard\libc_nano.a(libc_a-stdio.o)
                              D:/Software/Arm Toolchain/arm-gnu-toolchain-13.2.rel1-mingw-w64-i686-arm-none-eabi/arm-gnu-toolchain-13.2.Rel1-mingw-w64-i686-arm-none-eabi/bin/../lib/gcc/arm-none-eabi/13.2.1/thumb/v7e-m+fp/hard\libc_nano.a(libc_a-findfp.o) (__sread)
D:/Software/Arm Toolchain/arm-gnu-toolchain-13.2.rel1-mingw-w64-i686-arm-none-eabi/arm-gnu-toolchain-13.2.Rel1-mingw-w64-i686-arm-none-eabi/bin/../lib/gcc/arm-none-eabi/13.2.1/thumb/v7e-m+fp/hard\libc_nano.a(libc_a-memset.o)
                              D:/Software/Arm Toolchain/arm-gnu-toolchain-13.2.rel1-mingw-w64-i686-arm-none-eabi/arm-gnu-toolchain-13.2.Rel1-mingw-w64-i686-arm-none-eabi/bin/../lib/gcc/arm-none-eabi/13.2.1/thumb/v7e-m+fp/hard/crt0.o (memset)
D:/Software/Arm Toolchain/arm-gnu-toolchain-13.2.rel1-mingw-w64-i686-arm-none-eabi/arm-gnu-toolchain-13.2.Rel1-mingw-w64-i686-arm-none-eabi/bin/../lib/gcc/arm-none-eabi/13.2.1/thumb/v7e-m+fp/hard\libc_nano.a(libc_a-closer.o)
                              D:/Software/Arm Toolchain/arm-gnu-toolchain-13.2.rel1-mingw-w64-i686-arm-none-eabi/arm-gnu-toolchain-13.2.Rel1-mingw-w64-i686-arm-none-eabi/bin/../lib/gcc/arm-none-eabi/13.2.1/thumb/v7e-m+fp/hard\libc_nano.a(libc_a-stdio.o) (_close_r)
D:/Software/Arm Toolchain/arm-gnu-toolchain-13.2.rel1-mingw-w64-i686-arm-none-eabi/arm-gnu-toolchain-13.2.Rel1-mingw-w64-i686-arm-none-eabi/bin/../lib/gcc/arm-none-eabi/13.2.1/thumb/v7e-m+fp/hard\libc_nano.a(libc_a-reent.o)
                              D:/Software/Arm Toolchain/arm-gnu-toolchain-13.2.rel1-mingw-w64-i686-arm-none-eabi/arm-gnu-toolchain-13.2.Rel1-mingw-w64-i686-arm-none-eabi/bin/../lib/gcc/arm-none-eabi/13.2.1/thumb/v7e-m+fp/hard\libc_nano.a(libc_a-closer.o) (errno)
D:/Software/Arm Toolchain/arm-gnu-toolchain-13.2.rel1-mingw-w64-i686-arm-none-eabi/arm-gnu-toolchain-13.2.Rel1-mingw-w64-i686-arm-none-eabi/bin/../lib/gcc/arm-none-eabi/13.2.1/thumb/v7e-m+fp/hard\libc_nano.a(libc_a-impure.o)
                              D:/Software/Arm Toolchain/arm-gnu-toolchain-13.2.rel1-mingw-w64-i686-arm-none-eabi/arm-gnu-toolchain-13.2.Rel1-mingw-w64-i686-arm-none-eabi/bin/../lib/gcc/arm-none-eabi/13.2.1/thumb/v7e-m+fp/hard\libc_nano.a(libc_a-reent.o) (_impure_ptr)
D:/Software/Arm Toolchain/arm-gnu-toolchain-13.2.rel1-mingw-w64-i686-arm-none-eabi/arm-gnu-toolchain-13.2.Rel1-mingw-w64-i686-arm-none-eabi/bin/../lib/gcc/arm-none-eabi/13.2.1/thumb/v7e-m+fp/hard\libc_nano.a(libc_a-lseekr.o)
                              D:/Software/Arm Toolchain/arm-gnu-toolchain-13.2.rel1-mingw-w64-i686-arm-none-eabi/arm-gnu-toolchain-13.2.Rel1-mingw-w64-i686-arm-none-eabi/bin/../lib/gcc/arm-none-eabi/13.2.1/thumb/v7e-m+fp/hard\libc_nano.a(libc_a-stdio.o) (_lseek_r)
D:/Software/Arm Toolchain/arm-gnu-toolchain-13.2.rel1-mingw-w64-i686-arm-none-eabi/arm-gnu-toolchain-13.2.Rel1-mingw-w64-i686-arm-none-eabi/bin/../lib/gcc/arm-none-eabi/13.2.1/thumb/v7e-m+fp/hard\libc_nano.a(libc_a-readr.o)
                              D:/Software/Arm Toolchain/arm-gnu-toolchain-13.2.rel1-mingw-w64-i686-arm-none-eabi/arm-gnu-toolchain-13.2.Rel1-mingw-w64-i686-arm-none-eabi/bin/../lib/gcc/arm-none-eabi/13.2.1/thumb/v7e-m+fp/hard\libc_nano.a(libc_a-stdio.o) (_read_r)
[...]
Memory Configuration

Name             Origin             Length             Attributes
RAM              0x20000000         0x00020000         xrw
CCMRAM           0x10000000         0x00010000         xrw
FLASH            0x08000000         0x00100000         xr
*default*        0x00000000         0xffffffff

Linker script and memory map

LOAD D:/Software/Arm Toolchain/arm-gnu-toolchain-13.2.rel1-mingw-w64-i686-arm-none-eabi/arm-gnu-toolchain-13.2.Rel1-mingw-w64-i686-arm-none-eabi/bin/../lib/gcc/arm-none-eabi/13.2.1/thumb/v7e-m+fp/hard/crti.o
LOAD D:/Software/Arm Toolchain/arm-gnu-toolchain-13.2.rel1-mingw-w64-i686-arm-none-eabi/arm-gnu-toolchain-13.2.Rel1-mingw-w64-i686-arm-none-eabi/bin/../lib/gcc/arm-none-eabi/13.2.1/thumb/v7e-m+fp/hard/crtbegin.o
LOAD D:/Software/Arm Toolchain/arm-gnu-toolchain-13.2.rel1-mingw-w64-i686-arm-none-eabi/arm-gnu-toolchain-13.2.Rel1-mingw-w64-i686-arm-none-eabi/bin/../lib/gcc/arm-none-eabi/13.2.1/thumb/v7e-m+fp/hard/crt0.o
LOAD Build/stm32f4xx_hal.o
LOAD Build/stm32f4xx_hal_cortex.o
LOAD Build/stm32f4xx_hal_dma.o
LOAD Build/stm32f4xx_hal_dma_ex.o
LOAD Build/stm32f4xx_hal_exti.o
LOAD Build/stm32f4xx_hal_flash.o
LOAD Build/stm32f4xx_hal_flash_ex.o
LOAD Build/stm32f4xx_hal_flash_ramfunc.o
LOAD Build/stm32f4xx_hal_gpio.o
LOAD Build/stm32f4xx_hal_pwr.o
LOAD Build/stm32f4xx_hal_pwr_ex.o
LOAD Build/stm32f4xx_hal_rcc.o
LOAD Build/stm32f4xx_hal_rcc_ex.o
LOAD Build/stm32f4xx_hal_tim.o
LOAD Build/stm32f4xx_hal_tim_ex.o
LOAD Build/stm32f4xx_hal_uart.o
LOAD Build/main.o
LOAD Build/stm32f4xx_hal_msp.o
LOAD Build/stm32f4xx_it.o
LOAD Build/system_stm32f4xx.o
LOAD Build/croutine.o
LOAD Build/event_groups.o
LOAD Build/list.o
LOAD Build/queue.o
LOAD Build/stream_buffer.o
LOAD Build/tasks.o
LOAD Build/timers.o
LOAD Build/arm_abs_f32.o
LOAD Build/arm_abs_q15.o
LOAD Build/arm_abs_q31.o
LOAD Build/arm_abs_q7.o
LOAD Build/arm_add_f32.o
LOAD Build/arm_add_q15.o
LOAD Build/arm_add_q31.o
LOAD Build/arm_add_q7.o
LOAD Build/arm_dot_prod_f32.o
LOAD Build/arm_dot_prod_q15.o
LOAD Build/arm_dot_prod_q31.o
LOAD Build/arm_dot_prod_q7.o
LOAD Build/arm_mult_f32.o
LOAD Build/arm_mult_q15.o
LOAD Build/arm_mult_q31.o
LOAD Build/arm_mult_q7.o
LOAD Build/arm_negate_f32.o
LOAD Build/arm_negate_q15.o
LOAD Build/arm_negate_q31.o
LOAD Build/arm_negate_q7.o
LOAD Build/arm_offset_f32.o
LOAD Build/arm_offset_q15.o
LOAD Build/arm_offset_q31.o
LOAD Build/arm_offset_q7.o
LOAD Build/arm_scale_f32.o
LOAD Build/arm_scale_q15.o
LOAD Build/arm_scale_q31.o
LOAD Build/arm_scale_q7.o
LOAD Build/arm_shift_q15.o
LOAD Build/arm_shift_q31.o
LOAD Build/arm_shift_q7.o
LOAD Build/arm_sub_f32.o
LOAD Build/arm_sub_q15.o
LOAD Build/arm_sub_q31.o
LOAD Build/arm_sub_q7.o
LOAD Build/arm_common_tables.o
LOAD Build/arm_const_structs.o
LOAD Build/arm_cmplx_conj_f32.o
LOAD Build/arm_cmplx_conj_q15.o
LOAD Build/arm_cmplx_conj_q31.o
LOAD Build/arm_cmplx_dot_prod_f32.o
LOAD Build/arm_cmplx_dot_prod_q15.o
LOAD Build/arm_cmplx_dot_prod_q31.o
LOAD Build/arm_cmplx_mag_f32.o
LOAD Build/arm_cmplx_mag_q15.o
LOAD Build/arm_cmplx_mag_q31.o
LOAD Build/arm_cmplx_mag_squared_f32.o
LOAD Build/arm_cmplx_mag_squared_q15.o
LOAD Build/arm_cmplx_mag_squared_q31.o
LOAD Build/arm_cmplx_mult_cmplx_f32.o
LOAD Build/arm_cmplx_mult_cmplx_q15.o
LOAD Build/arm_cmplx_mult_cmplx_q31.o
LOAD Build/arm_cmplx_mult_real_f32.o
LOAD Build/arm_cmplx_mult_real_q15.o
LOAD Build/arm_cmplx_mult_real_q31.o
LOAD Build/arm_pid_init_f32.o
LOAD Build/arm_pid_init_q15.o
LOAD Build/arm_pid_init_q31.o
LOAD Build/arm_pid_reset_f32.o
LOAD Build/arm_pid_reset_q15.o
LOAD Build/arm_pid_reset_q31.o
LOAD Build/arm_sin_cos_f32.o
LOAD Build/arm_sin_cos_q31.o
LOAD Build/arm_cos_f32.o
LOAD Build/arm_cos_q15.o
LOAD Build/arm_cos_q31.o
LOAD Build/arm_sin_f32.o
LOAD Build/arm_sin_q15.o
LOAD Build/arm_sin_q31.o
LOAD Build/arm_sqrt_q15.o
LOAD Build/arm_sqrt_q31.o
LOAD Build/arm_biquad_cascade_df1_32x64_init_q31.o
LOAD Build/arm_biquad_cascade_df1_32x64_q31.o
LOAD Build/arm_biquad_cascade_df1_f32.o
LOAD Build/arm_biquad_cascade_df1_fast_q15.o
LOAD Build/arm_biquad_cascade_df1_fast_q31.o
LOAD Build/arm_biquad_cascade_df1_init_f32.o
LOAD Build/arm_biquad_cascade_df1_init_q15.o
LOAD Build/arm_biquad_cascade_df1_init_q31.o
LOAD Build/arm_biquad_cascade_df1_q15.o
LOAD Build/arm_biquad_cascade_df1_q31.o
LOAD Build/arm_biquad_cascade_df2T_f32.o
LOAD Build/arm_biquad_cascade_df2T_f64.o
LOAD Build/arm_biquad_cascade_df2T_init_f32.o
LOAD Build/arm_biquad_cascade_df2T_init_f64.o
LOAD Build/arm_biquad_cascade_stereo_df2T_f32.o
LOAD Build/arm_biquad_cascade_stereo_df2T_init_f32.o
LOAD Build/arm_conv_f32.o
LOAD Build/arm_conv_fast_opt_q15.o
LOAD Build/arm_conv_fast_q15.o
LOAD Build/arm_conv_fast_q31.o
LOAD Build/arm_conv_opt_q15.o
LOAD Build/arm_conv_opt_q7.o
LOAD Build/arm_conv_partial_f32.o
LOAD Build/arm_conv_partial_fast_opt_q15.o
LOAD Build/arm_conv_partial_fast_q15.o
LOAD Build/arm_conv_partial_fast_q31.o
LOAD Build/arm_conv_partial_opt_q15.o
LOAD Build/arm_conv_partial_opt_q7.o
LOAD Build/arm_conv_partial_q15.o
LOAD Build/arm_conv_partial_q31.o
LOAD Build/arm_conv_partial_q7.o
LOAD Build/arm_conv_q15.o
LOAD Build/arm_conv_q31.o
LOAD Build/arm_conv_q7.o
LOAD Build/arm_correlate_f32.o
LOAD Build/arm_correlate_fast_opt_q15.o
LOAD Build/arm_correlate_fast_q15.o
LOAD Build/arm_correlate_fast_q31.o
LOAD Build/arm_correlate_opt_q15.o
LOAD Build/arm_correlate_opt_q7.o
LOAD Build/arm_correlate_q15.o
LOAD Build/arm_correlate_q31.o
LOAD Build/arm_correlate_q7.o
LOAD Build/arm_fir_decimate_f32.o
LOAD Build/arm_fir_decimate_fast_q15.o
LOAD Build/arm_fir_decimate_fast_q31.o
LOAD Build/arm_fir_decimate_init_f32.o
LOAD Build/arm_fir_decimate_init_q15.o
LOAD Build/arm_fir_decimate_init_q31.o
LOAD Build/arm_fir_decimate_q15.o
LOAD Build/arm_fir_decimate_q31.o
LOAD Build/arm_fir_f32.o
LOAD Build/arm_fir_fast_q15.o
LOAD Build/arm_fir_fast_q31.o
LOAD Build/arm_fir_init_f32.o
LOAD Build/arm_fir_init_q15.o
LOAD Build/arm_fir_init_q31.o
LOAD Build/arm_fir_init_q7.o
LOAD Build/arm_fir_interpolate_f32.o
LOAD Build/arm_fir_interpolate_init_f32.o
LOAD Build/arm_fir_interpolate_init_q15.o
LOAD Build/arm_fir_interpolate_init_q31.o
LOAD Build/arm_fir_interpolate_q15.o
LOAD Build/arm_fir_interpolate_q31.o
LOAD Build/arm_fir_lattice_f32.o
LOAD Build/arm_fir_lattice_init_f32.o
LOAD Build/arm_fir_lattice_init_q15.o
LOAD Build/arm_fir_lattice_init_q31.o
LOAD Build/arm_fir_lattice_q15.o
LOAD Build/arm_fir_lattice_q31.o
LOAD Build/arm_fir_q15.o
LOAD Build/arm_fir_q31.o
LOAD Build/arm_fir_q7.o
LOAD Build/arm_fir_sparse_f32.o
LOAD Build/arm_fir_sparse_init_f32.o
LOAD Build/arm_fir_sparse_init_q15.o
LOAD Build/arm_fir_sparse_init_q31.o
LOAD Build/arm_fir_sparse_init_q7.o
LOAD Build/arm_fir_sparse_q15.o
LOAD Build/arm_fir_sparse_q31.o
LOAD Build/arm_fir_sparse_q7.o
LOAD Build/arm_iir_lattice_f32.o
LOAD Build/arm_iir_lattice_init_f32.o
LOAD Build/arm_iir_lattice_init_q15.o
LOAD Build/arm_iir_lattice_init_q31.o
LOAD Build/arm_iir_lattice_q15.o
LOAD Build/arm_iir_lattice_q31.o
LOAD Build/arm_lms_f32.o
LOAD Build/arm_lms_init_f32.o
LOAD Build/arm_lms_init_q15.o
LOAD Build/arm_lms_init_q31.o
LOAD Build/arm_lms_norm_f32.o
LOAD Build/arm_lms_norm_init_f32.o
LOAD Build/arm_lms_norm_init_q15.o
LOAD Build/arm_lms_norm_init_q31.o
LOAD Build/arm_lms_norm_q15.o
LOAD Build/arm_lms_norm_q31.o
LOAD Build/arm_lms_q15.o
LOAD Build/arm_lms_q31.o
LOAD Build/arm_mat_add_f32.o
LOAD Build/arm_mat_add_q15.o
LOAD Build/arm_mat_add_q31.o
LOAD Build/arm_mat_cmplx_mult_f32.o
LOAD Build/arm_mat_cmplx_mult_q15.o
LOAD Build/arm_mat_cmplx_mult_q31.o
LOAD Build/arm_mat_init_f32.o
LOAD Build/arm_mat_init_q15.o
LOAD Build/arm_mat_init_q31.o
LOAD Build/arm_mat_inverse_f32.o
LOAD Build/arm_mat_inverse_f64.o
LOAD Build/arm_mat_mult_f32.o
LOAD Build/arm_mat_mult_fast_q15.o
LOAD Build/arm_mat_mult_fast_q31.o
LOAD Build/arm_mat_mult_q15.o
LOAD Build/arm_mat_mult_q31.o
LOAD Build/arm_mat_scale_f32.o
LOAD Build/arm_mat_scale_q15.o
LOAD Build/arm_mat_scale_q31.o
LOAD Build/arm_mat_sub_f32.o
LOAD Build/arm_mat_sub_q15.o
LOAD Build/arm_mat_sub_q31.o
LOAD Build/arm_mat_trans_f32.o
LOAD Build/arm_mat_trans_q15.o
LOAD Build/arm_mat_trans_q31.o
LOAD Build/arm_max_f32.o
LOAD Build/arm_max_q15.o
LOAD Build/arm_max_q31.o
LOAD Build/arm_max_q7.o
LOAD Build/arm_mean_f32.o
LOAD Build/arm_mean_q15.o
LOAD Build/arm_mean_q31.o
LOAD Build/arm_mean_q7.o
LOAD Build/arm_min_f32.o
LOAD Build/arm_min_q15.o
LOAD Build/arm_min_q31.o
LOAD Build/arm_min_q7.o
LOAD Build/arm_power_f32.o
LOAD Build/arm_power_q15.o
LOAD Build/arm_power_q31.o
LOAD Build/arm_power_q7.o
LOAD Build/arm_rms_f32.o
LOAD Build/arm_rms_q15.o
LOAD Build/arm_rms_q31.o
LOAD Build/arm_std_f32.o
LOAD Build/arm_std_q15.o
LOAD Build/arm_std_q31.o
LOAD Build/arm_var_f32.o
LOAD Build/arm_var_q15.o
LOAD Build/arm_var_q31.o
LOAD Build/arm_copy_f32.o
LOAD Build/arm_copy_q15.o
LOAD Build/arm_copy_q31.o
LOAD Build/arm_copy_q7.o
LOAD Build/arm_fill_f32.o
LOAD Build/arm_fill_q15.o
LOAD Build/arm_fill_q31.o
LOAD Build/arm_fill_q7.o
LOAD Build/arm_float_to_q15.o
LOAD Build/arm_float_to_q31.o
LOAD Build/arm_float_to_q7.o
LOAD Build/arm_q15_to_float.o
LOAD Build/arm_q15_to_q31.o
LOAD Build/arm_q15_to_q7.o
LOAD Build/arm_q31_to_float.o
LOAD Build/arm_q31_to_q15.o
LOAD Build/arm_q31_to_q7.o
LOAD Build/arm_q7_to_float.o
LOAD Build/arm_q7_to_q15.o
LOAD Build/arm_q7_to_q31.o
LOAD Build/arm_bitreversal.o
LOAD Build/arm_cfft_f32.o
LOAD Build/arm_cfft_q15.o
LOAD Build/arm_cfft_q31.o
LOAD Build/arm_cfft_radix2_f32.o
LOAD Build/arm_cfft_radix2_init_f32.o
LOAD Build/arm_cfft_radix2_init_q15.o
LOAD Build/arm_cfft_radix2_init_q31.o
LOAD Build/arm_cfft_radix2_q15.o
LOAD Build/arm_cfft_radix2_q31.o
LOAD Build/arm_cfft_radix4_f32.o
LOAD Build/arm_cfft_radix4_init_f32.o
LOAD Build/arm_cfft_radix4_init_q15.o
LOAD Build/arm_cfft_radix4_init_q31.o
LOAD Build/arm_cfft_radix4_q15.o
LOAD Build/arm_cfft_radix4_q31.o
LOAD Build/arm_cfft_radix8_f32.o
LOAD Build/arm_dct4_f32.o
LOAD Build/arm_dct4_init_f32.o
LOAD Build/arm_dct4_init_q15.o
LOAD Build/arm_dct4_init_q31.o
LOAD Build/arm_dct4_q15.o
LOAD Build/arm_dct4_q31.o
LOAD Build/arm_rfft_f32.o
LOAD Build/arm_rfft_fast_f32.o
LOAD Build/arm_rfft_fast_init_f32.o
LOAD Build/arm_rfft_init_f32.o
LOAD Build/arm_rfft_init_q15.o
LOAD Build/arm_rfft_init_q31.o
LOAD Build/arm_rfft_q15.o
LOAD Build/arm_rfft_q31.o
LOAD Build/computer_communicator.o
LOAD Build/state_estimator.o
LOAD Build/dsp.o
LOAD Build/active_object.o
LOAD Build/motor_communicator.o
LOAD Build/encoder.o
LOAD Build/system_config.o
LOAD Build/port.o
LOAD Build/heap_4.o
LOAD Build/startup_stm32f407xx.o
LOAD D:/Software/Arm Toolchain/arm-gnu-toolchain-13.2.rel1-mingw-w64-i686-arm-none-eabi/arm-gnu-toolchain-13.2.Rel1-mingw-w64-i686-arm-none-eabi/bin/../lib/gcc/arm-none-eabi/13.2.1/thumb/v7e-m+fp/hard\libc_nano.a
LOAD D:/Software/Arm Toolchain/arm-gnu-toolchain-13.2.rel1-mingw-w64-i686-arm-none-eabi/arm-gnu-toolchain-13.2.Rel1-mingw-w64-i686-arm-none-eabi/bin/../lib/gcc/arm-none-eabi/13.2.1/thumb/v7e-m+fp/hard\libm.a
LOAD D:/Software/Arm Toolchain/arm-gnu-toolchain-13.2.rel1-mingw-w64-i686-arm-none-eabi/arm-gnu-toolchain-13.2.Rel1-mingw-w64-i686-arm-none-eabi/bin/../lib/gcc/arm-none-eabi/13.2.1/thumb/v7e-m+fp/hard\libnosys.a
START GROUP
LOAD D:/Software/Arm Toolchain/arm-gnu-toolchain-13.2.rel1-mingw-w64-i686-arm-none-eabi/arm-gnu-toolchain-13.2.Rel1-mingw-w64-i686-arm-none-eabi/bin/../lib/gcc/arm-none-eabi/13.2.1/thumb/v7e-m+fp/hard\libgcc.a
LOAD D:/Software/Arm Toolchain/arm-gnu-toolchain-13.2.rel1-mingw-w64-i686-arm-none-eabi/arm-gnu-toolchain-13.2.Rel1-mingw-w64-i686-arm-none-eabi/bin/../lib/gcc/arm-none-eabi/13.2.1/thumb/v7e-m+fp/hard\libc_nano.a
END GROUP
START GROUP
LOAD D:/Software/Arm Toolchain/arm-gnu-toolchain-13.2.rel1-mingw-w64-i686-arm-none-eabi/arm-gnu-toolchain-13.2.Rel1-mingw-w64-i686-arm-none-eabi/bin/../lib/gcc/arm-none-eabi/13.2.1/thumb/v7e-m+fp/hard\libgcc.a
LOAD D:/Software/Arm Toolchain/arm-gnu-toolchain-13.2.rel1-mingw-w64-i686-arm-none-eabi/arm-gnu-toolchain-13.2.Rel1-mingw-w64-i686-arm-none-eabi/bin/../lib/gcc/arm-none-eabi/13.2.1/thumb/v7e-m+fp/hard\libc_nano.a
END GROUP
LOAD D:/Software/Arm Toolchain/arm-gnu-toolchain-13.2.rel1-mingw-w64-i686-arm-none-eabi/arm-gnu-toolchain-13.2.Rel1-mingw-w64-i686-arm-none-eabi/bin/../lib/gcc/arm-none-eabi/13.2.1/thumb/v7e-m+fp/hard/crtend.o
LOAD D:/Software/Arm Toolchain/arm-gnu-toolchain-13.2.rel1-mingw-w64-i686-arm-none-eabi/arm-gnu-toolchain-13.2.Rel1-mingw-w64-i686-arm-none-eabi/bin/../lib/gcc/arm-none-eabi/13.2.1/thumb/v7e-m+fp/hard/crtn.o
                0x20020000                        _estack = (ORIGIN (RAM) + LENGTH (RAM))
                0x00000200                        _Min_Heap_Size = 0x200
                0x00000400                        _Min_Stack_Size = 0x400

.isr_vector     0x08000000      0x188
                0x08000000                        . = ALIGN (0x4)
 *(.isr_vector)
 .isr_vector    0x08000000      0x188 Build/startup_stm32f407xx.o
                0x08000000                g_pfnVectors
                0x08000188                        . = ALIGN (0x4)

.text           0x08000190     0x3f7c
                0x08000190                        . = ALIGN (0x4)
 *(.text)
 .text          0x08000190       0x30 D:/Software/Arm Toolchain/arm-gnu-toolchain-13.2.rel1-mingw-w64-i686-arm-none-eabi/arm-gnu-toolchain-13.2.Rel1-mingw-w64-i686-arm-none-eabi/bin/../lib/gcc/arm-none-eabi/13.2.1/thumb/v7e-m+fp/hard\libgcc.a(_aeabi_uldivmod.o)
                0x08000190                __aeabi_uldivmod
 .text          0x080001c0        0x4 D:/Software/Arm Toolchain/arm-gnu-toolchain-13.2.rel1-mingw-w64-i686-arm-none-eabi/arm-gnu-toolchain-13.2.Rel1-mingw-w64-i686-arm-none-eabi/bin/../lib/gcc/arm-none-eabi/13.2.1/thumb/v7e-m+fp/hard\libgcc.a(_dvmd_tls.o)
                0x080001c0                __aeabi_idiv0
                0x080001c0                __aeabi_ldiv0
 *(.text*)
 .text.deregister_tm_clones
                0x080001c4       0x1c D:/Software/Arm Toolchain/arm-gnu-toolchain-13.2.rel1-mingw-w64-i686-arm-none-eabi/arm-gnu-toolchain-13.2.Rel1-mingw-w64-i686-arm-none-eabi/bin/../lib/gcc/arm-none-eabi/13.2.1/thumb/v7e-m+fp/hard/crtbegin.o
 .text.register_tm_clones
                0x080001e0       0x24 D:/Software/Arm Toolchain/arm-gnu-toolchain-13.2.rel1-mingw-w64-i686-arm-none-eabi/arm-gnu-toolchain-13.2.Rel1-mingw-w64-i686-arm-none-eabi/bin/../lib/gcc/arm-none-eabi/13.2.1/thumb/v7e-m+fp/hard/crtbegin.o
 .text.__do_global_dtors_aux
                0x08000204       0x28 D:/Software/Arm Toolchain/arm-gnu-toolchain-13.2.rel1-mingw-w64-i686-arm-none-eabi/arm-gnu-toolchain-13.2.Rel1-mingw-w64-i686-arm-none-eabi/bin/../lib/gcc/arm-none-eabi/13.2.1/thumb/v7e-m+fp/hard/crtbegin.o
 .text.frame_dummy
                0x0800022c       0x24 D:/Software/Arm Toolchain/arm-gnu-toolchain-13.2.rel1-mingw-w64-i686-arm-none-eabi/arm-gnu-toolchain-13.2.Rel1-mingw-w64-i686-arm-none-eabi/bin/../lib/gcc/arm-none-eabi/13.2.1/thumb/v7e-m+fp/hard/crtbegin.o
 .text.HAL_InitTick
                0x08000250       0x4c Build/stm32f4xx_hal.o
                0x08000250                HAL_InitTick
 .text.HAL_Init
                0x0800029c       0x34 Build/stm32f4xx_hal.o
                0x0800029c                HAL_Init
 .text.HAL_GetTick
                0x080002d0        0xc Build/stm32f4xx_hal.o
                0x080002d0                HAL_GetTick
 .text.__NVIC_SetPriority
                0x080002dc       0x28 Build/stm32f4xx_hal_cortex.o
 .text.NVIC_EncodePriority
                0x08000304       0x3e Build/stm32f4xx_hal_cortex.o
 *fill*         0x08000342        0x2 
 .text.HAL_NVIC_SetPriorityGrouping
                0x08000344       0x24 Build/stm32f4xx_hal_cortex.o
                0x08000344                HAL_NVIC_SetPriorityGrouping
 .text.HAL_NVIC_SetPriority
                0x08000368       0x20 Build/stm32f4xx_hal_cortex.o
                0x08000368                HAL_NVIC_SetPriority
 .text.HAL_NVIC_EnableIRQ
                0x08000388       0x1c Build/stm32f4xx_hal_cortex.o
                0x08000388                HAL_NVIC_EnableIRQ
 .text.HAL_SYSTICK_Config
                0x080003a4       0x28 Build/stm32f4xx_hal_cortex.o
                0x080003a4                HAL_SYSTICK_Config
 .text.HAL_DMA_Abort
                0x080003cc       0x94 Build/stm32f4xx_hal_dma.o
                0x080003cc                HAL_DMA_Abort
 .text.HAL_DMA_Abort_IT
                0x08000460       0x26 Build/stm32f4xx_hal_dma.o
                0x08000460                HAL_DMA_Abort_IT
 *fill*         0x08000486        0x2 
 .text.HAL_GPIO_Init
                0x08000488      0x1ec Build/stm32f4xx_hal_gpio.o
                0x08000488                HAL_GPIO_Init
 .text.HAL_RCC_OscConfig
                0x08000674      0x3f8 Build/stm32f4xx_hal_rcc.o
                0x08000674                HAL_RCC_OscConfig
 .text.HAL_RCC_GetSysClockFreq
                0x08000a6c       0xdc Build/stm32f4xx_hal_rcc.o
                0x08000a6c                HAL_RCC_GetSysClockFreq
 .text.HAL_RCC_ClockConfig
                0x08000b48      0x160 Build/stm32f4xx_hal_rcc.o
                0x08000b48                HAL_RCC_ClockConfig
 .text.HAL_RCC_GetHCLKFreq
                0x08000ca8        0xc Build/stm32f4xx_hal_rcc.o
                0x08000ca8                HAL_RCC_GetHCLKFreq
 .text.HAL_RCC_GetPCLK1Freq
                0x08000cb4       0x20 Build/stm32f4xx_hal_rcc.o
                0x08000cb4                HAL_RCC_GetPCLK1Freq
 .text.HAL_RCC_GetPCLK2Freq
                0x08000cd4       0x20 Build/stm32f4xx_hal_rcc.o
                0x08000cd4                HAL_RCC_GetPCLK2Freq
 .text.HAL_TIM_Base_Start_IT
                0x08000cf4       0x88 Build/stm32f4xx_hal_tim.o
                0x08000cf4                HAL_TIM_Base_Start_IT
 .text.HAL_TIM_OC_DelayElapsedCallback
                0x08000d7c        0x2 Build/stm32f4xx_hal_tim.o
                0x08000d7c                HAL_TIM_OC_DelayElapsedCallback
 .text.HAL_TIM_PWM_PulseFinishedCallback
                0x08000d7e        0x2 Build/stm32f4xx_hal_tim.o
                0x08000d7e                HAL_TIM_PWM_PulseFinishedCallback
 .text.HAL_TIM_TriggerCallback
                0x08000d80        0x2 Build/stm32f4xx_hal_tim.o
                0x08000d80                HAL_TIM_TriggerCallback
 .text.HAL_TIM_IRQHandler
                0x08000d82      0x17a Build/stm32f4xx_hal_tim.o
                0x08000d82                HAL_TIM_IRQHandler
 .text.TIM_Base_SetConfig
                0x08000efc       0xc8 Build/stm32f4xx_hal_tim.o
                0x08000efc                TIM_Base_SetConfig
 .text.HAL_TIM_Base_Init
                0x08000fc4       0x58 Build/stm32f4xx_hal_tim.o
                0x08000fc4                HAL_TIM_Base_Init
 .text.HAL_TIM_Encoder_Init
                0x0800101c       0xb0 Build/stm32f4xx_hal_tim.o
                0x0800101c                HAL_TIM_Encoder_Init
 .text.TIM_CCxChannelCmd
                0x080010cc       0x1e Build/stm32f4xx_hal_tim.o
                0x080010cc                TIM_CCxChannelCmd
 .text.HAL_TIM_Encoder_Start_IT
                0x080010ea       0xf6 Build/stm32f4xx_hal_tim.o
                0x080010ea                HAL_TIM_Encoder_Start_IT
 .text.HAL_TIMEx_MasterConfigSynchronization
                0x080011e0       0x8c Build/stm32f4xx_hal_tim_ex.o
                0x080011e0                HAL_TIMEx_MasterConfigSynchronization
 .text.HAL_TIMEx_CommutCallback
                0x0800126c        0x2 Build/stm32f4xx_hal_tim_ex.o
                0x0800126c                HAL_TIMEx_CommutCallback
 .text.HAL_TIMEx_BreakCallback
                0x0800126e        0x2 Build/stm32f4xx_hal_tim_ex.o
                0x0800126e                HAL_TIMEx_BreakCallback
 .text.UART_EndRxTransfer
                0x08001270       0x5c Build/stm32f4xx_hal_uart.o
 .text.UART_Transmit_IT
                0x080012cc       0x60 Build/stm32f4xx_hal_uart.o
 .text.UART_SetConfig
                0x0800132c      0x110 Build/stm32f4xx_hal_uart.o
 .text.HAL_UART_Init
                0x0800143c       0x5e Build/stm32f4xx_hal_uart.o
                0x0800143c                HAL_UART_Init
 .text.HAL_UART_TxCpltCallback
                0x0800149a        0x2 Build/stm32f4xx_hal_uart.o
                0x0800149a                HAL_UART_TxCpltCallback
 .text.UART_EndTransmit_IT
                0x0800149c       0x1a Build/stm32f4xx_hal_uart.o
 .text.HAL_UART_ErrorCallback
                0x080014b6        0x2 Build/stm32f4xx_hal_uart.o
                0x080014b6                HAL_UART_ErrorCallback
 .text.UART_DMAAbortOnError
                0x080014b8       0x10 Build/stm32f4xx_hal_uart.o
 .text.HAL_UARTEx_RxEventCallback
                0x080014c8        0x2 Build/stm32f4xx_hal_uart.o
                0x080014c8                HAL_UARTEx_RxEventCallback
 .text.UART_Receive_IT
                0x080014ca       0xe2 Build/stm32f4xx_hal_uart.o
 .text.HAL_UART_IRQHandler
                0x080015ac      0x27c Build/stm32f4xx_hal_uart.o
                0x080015ac                HAL_UART_IRQHandler
 .text.main     0x08001828       0x48 Build/main.o
                0x08001828                main
 .text.HAL_MspInit
                0x08001870       0x38 Build/stm32f4xx_hal_msp.o
                0x08001870                HAL_MspInit
 .text.NMI_Handler
                0x080018a8        0x2 Build/stm32f4xx_it.o
                0x080018a8                NMI_Handler
 .text.HardFault_Handler
                0x080018aa        0x2 Build/stm32f4xx_it.o
                0x080018aa                HardFault_Handler
 .text.MemManage_Handler
                0x080018ac        0x2 Build/stm32f4xx_it.o
                0x080018ac                MemManage_Handler
 .text.BusFault_Handler
                0x080018ae        0x2 Build/stm32f4xx_it.o
                0x080018ae                BusFault_Handler
 .text.UsageFault_Handler
                0x080018b0        0x2 Build/stm32f4xx_it.o
                0x080018b0                UsageFault_Handler
 .text.DebugMon_Handler
                0x080018b2        0x2 Build/stm32f4xx_it.o
                0x080018b2                DebugMon_Handler
 .text.SystemInit
                0x080018b4       0x14 Build/system_stm32f4xx.o
                0x080018b4                SystemInit
 .text.vListInitialise
                0x080018c8       0x16 Build/list.o
                0x080018c8                vListInitialise
 .text.vListInitialiseItem
                0x080018de        0x6 Build/list.o
                0x080018de                vListInitialiseItem
 .text.vListInsert
                0x080018e4       0x32 Build/list.o
                0x080018e4                vListInsert
 .text.uxListRemove
                0x08001916       0x26 Build/list.o
                0x08001916                uxListRemove
 .text.prvIsQueueFull
                0x0800193c       0x1e Build/queue.o
 .text.prvIsQueueEmpty
                0x0800195a       0x1a Build/queue.o
 .text.prvCopyDataToQueue
                0x08001974       0x76 Build/queue.o
 .text.prvCopyDataFromQueue
                0x080019ea       0x24 Build/queue.o
 .text.prvUnlockQueue
                0x08001a0e       0x6e Build/queue.o
 .text.xQueueGenericReset
                0x08001a7c       0xaa Build/queue.o
                0x08001a7c                xQueueGenericReset
 .text.prvInitialiseNewQueue
                0x08001b26       0x22 Build/queue.o
 .text.xQueueGenericCreate
                0x08001b48       0x56 Build/queue.o
                0x08001b48                xQueueGenericCreate
 .text.xQueueGenericSend
                0x08001b9e      0x188 Build/queue.o
                0x08001b9e                xQueueGenericSend
 .text.xQueueGenericSendFromISR
                0x08001d26       0xf2 Build/queue.o
                0x08001d26                xQueueGenericSendFromISR
 .text.xQueueReceive
                0x08001e18      0x15e Build/queue.o
                0x08001e18                xQueueReceive
 .text.xQueuePeek
                0x08001f76      0x15e Build/queue.o
                0x08001f76                xQueuePeek
 .text.vQueueAddToRegistry
                0x080020d4       0x60 Build/queue.o
                0x080020d4                vQueueAddToRegistry
 .text.vQueueWaitForMessageRestricted
                0x08002134       0x52 Build/queue.o
                0x08002134                vQueueWaitForMessageRestricted
 *fill*         0x08002186        0x2 
 .text.prvResetNextTaskUnblockTime
                0x08002188       0x28 Build/tasks.o
 .text.prvDeleteTCB
                0x080021b0       0x12 Build/tasks.o
 .text.prvInitialiseNewTask
                0x080021c2       0x8e Build/tasks.o
 .text.prvInitialiseTaskLists
                0x08002250       0x68 Build/tasks.o
 .text.prvAddNewTaskToReadyList
                0x080022b8       0xc8 Build/tasks.o
 .text.prvCheckTasksWaitingTermination
                0x08002380       0x4c Build/tasks.o
 .text.prvIdleTask
                0x080023cc       0x28 Build/tasks.o
 .text.prvAddCurrentTaskToDelayedList
                0x080023f4       0xb0 Build/tasks.o
 .text.xTaskCreate
                0x080024a4       0x68 Build/tasks.o
                0x080024a4                xTaskCreate
 .text.vTaskStartScheduler
                0x0800250c       0x8c Build/tasks.o
                0x0800250c                vTaskStartScheduler
 .text.vTaskSuspendAll
                0x08002598       0x10 Build/tasks.o
                0x08002598                vTaskSuspendAll
 .text.xTaskGetTickCount
                0x080025a8        0xc Build/tasks.o
                0x080025a8                xTaskGetTickCount
 .text.uxTaskGetNumberOfTasks
                0x080025b4        0xc Build/tasks.o
                0x080025b4                uxTaskGetNumberOfTasks
 .text.xTaskIncrementTick
                0x080025c0      0x178 Build/tasks.o
                0x080025c0                xTaskIncrementTick
 .text.xTaskResumeAll
                0x08002738      0x14c Build/tasks.o
                0x08002738                xTaskResumeAll
 .text.vTaskSwitchContext
                0x08002884       0x98 Build/tasks.o
                0x08002884                vTaskSwitchContext
 .text.vTaskPlaceOnEventList
                0x0800291c       0x30 Build/tasks.o
                0x0800291c                vTaskPlaceOnEventList
 .text.vTaskPlaceOnEventListRestricted
                0x0800294c       0x54 Build/tasks.o
                0x0800294c                vTaskPlaceOnEventListRestricted
 .text.xTaskRemoveFromEventList
                0x080029a0       0xf0 Build/tasks.o
                0x080029a0                xTaskRemoveFromEventList
 .text.vTaskInternalSetTimeOutState
                0x08002a90       0x18 Build/tasks.o
                0x08002a90                vTaskInternalSetTimeOutState
 .text.xTaskCheckForTimeOut
                0x08002aa8       0x88 Build/tasks.o
                0x08002aa8                xTaskCheckForTimeOut
 .text.vTaskMissedYield
                0x08002b30        0xc Build/tasks.o
                0x08002b30                vTaskMissedYield
 .text.xTaskGetSchedulerState
                0x08002b3c       0x20 Build/tasks.o
                0x08002b3c                xTaskGetSchedulerState
 .text.xTaskPriorityDisinherit
                0x08002b5c       0xbc Build/tasks.o
                0x08002b5c                xTaskPriorityDisinherit
 .text.prvGetNextExpireTime
                0x08002c18       0x20 Build/timers.o
 .text.prvInsertTimerInActiveList
                0x08002c38       0x48 Build/timers.o
 .text.prvReloadTimer
                0x08002c80       0x28 Build/timers.o
 .text.prvProcessExpiredTimer
                0x08002ca8       0x40 Build/timers.o
 .text.prvSwitchTimerLists
                0x08002ce8       0x30 Build/timers.o
 .text.prvSampleTimeNow
                0x08002d18       0x2c Build/timers.o
 .text.prvProcessTimerOrBlockTask
                0x08002d44       0x74 Build/timers.o
 .text.prvProcessReceivedCommands
                0x08002db8       0xf0 Build/timers.o
 .text.prvTimerTask
                0x08002ea8       0x16 Build/timers.o
 *fill*         0x08002ebe        0x2 
 .text.prvCheckForValidListAndQueue
                0x08002ec0       0x5c Build/timers.o
 .text.xTimerCreateTimerTask
                0x08002f1c       0x50 Build/timers.o
                0x08002f1c                xTimerCreateTimerTask
 .text.UART_Init
                0x08002f6c       0x28 Build/computer_communicator.o
 .text.USART3_IRQHandler
                0x08002f94       0x10 Build/computer_communicator.o
                0x08002f94                USART3_IRQHandler
 .text.App_ComputerCommunicator_Init
                0x08002fa4       0x10 Build/computer_communicator.o
                0x08002fa4                App_ComputerCommunicator_Init
 .text.initial  0x08002fb4        0xa Build/state_estimator.o
                0x08002fb4                initial
 *fill*         0x08002fbe        0x2 
 .text.wait     0x08002fc0       0x6c Build/state_estimator.o
                0x08002fc0                wait
 .text.public   0x0800302c        0xc Build/state_estimator.o
                0x0800302c                public
 .text.publicFromISR
                0x08003038        0xa Build/state_estimator.o
                0x08003038                publicFromISR
 *fill*         0x08003042        0x2 
 .text.new      0x08003044       0x6c Build/state_estimator.o
 .text.cvtAngle
                0x080030b0       0x32 Build/dsp.o
 .text.filter   0x080030e2        0xa Build/dsp.o
 .text.estimate
                0x080030ec        0xa Build/dsp.o
 .text.processNewData
                0x080030f6       0x30 Build/dsp.o
 *fill*         0x08003126        0x2 
 .text.Dsp_new  0x08003128       0x48 Build/dsp.o
                0x08003128                Dsp_new
 .text.init     0x08003170       0x18 Build/active_object.o
 .text.dispatch
                0x08003188       0x24 Build/active_object.o
 .text.start    0x080031ac       0x34 Build/active_object.o
 .text.loopEvent
                0x080031e0       0x2c Build/active_object.o
 .text.postFromISR
                0x0800320c       0x16 Build/active_object.o
 .text.post     0x08003222       0x18 Build/active_object.o
 *fill*         0x0800323a        0x2 
 .text.Ao_new   0x0800323c       0x40 Build/active_object.o
                0x0800323c                Ao_new
 .text.UART_Init
                0x0800327c       0x28 Build/motor_communicator.o
 .text.USART2_IRQHandler
                0x080032a4       0x10 Build/motor_communicator.o
                0x080032a4                USART2_IRQHandler
 .text.HAL_UART_RxCpltCallback
                0x080032b4        0x2 Build/motor_communicator.o
                0x080032b4                HAL_UART_RxCpltCallback
 *fill*         0x080032b6        0x2 
 .text.Driver_MotorCommunicator_Init
                0x080032b8       0x10 Build/motor_communicator.o
                0x080032b8                Driver_MotorCommunicator_Init
 .text.HAL_UART_MspInit
                0x080032c8       0xe4 Build/motor_communicator.o
                0x080032c8                HAL_UART_MspInit
 .text.MX_TIM3_Init
                0x080033ac       0x54 Build/encoder.o
 .text.MX_TIM4_Init
                0x08003400       0x54 Build/encoder.o
 .text.MX_TIM7_Init
                0x08003454       0x40 Build/encoder.o
 .text.HAL_TIM_PeriodElapsedCallback
                0x08003494       0x4c Build/encoder.o
                0x08003494                HAL_TIM_PeriodElapsedCallback
 .text.HAL_TIM_IC_CaptureCallback
                0x080034e0       0x74 Build/encoder.o
                0x080034e0                HAL_TIM_IC_CaptureCallback
 .text.TIM3_IRQHandler
                0x08003554       0x10 Build/encoder.o
                0x08003554                TIM3_IRQHandler
 .text.TIM4_IRQHandler
                0x08003564       0x10 Build/encoder.o
                0x08003564                TIM4_IRQHandler
 .text.TIM7_IRQHandler
                0x08003574       0x10 Build/encoder.o
                0x08003574                TIM7_IRQHandler
 .text.Driver_Encoder_Init
                0x08003584       0x1c Build/encoder.o
                0x08003584                Driver_Encoder_Init
 .text.HAL_TIM_Encoder_MspInit
                0x080035a0       0xe0 Build/encoder.o
                0x080035a0                HAL_TIM_Encoder_MspInit
 .text.HAL_TIM_Base_MspInit
                0x08003680       0x40 Build/encoder.o
                0x08003680                HAL_TIM_Base_MspInit
 .text.Error_Handler
                0x080036c0        0x4 Build/system_config.o
                0x080036c0                Error_Handler
 .text.SystemClock_Config
                0x080036c4       0xa8 Build/system_config.o
                0x080036c4                SystemClock_Config
 .text.MX_GPIO_Init
                0x0800376c       0x60 Build/system_config.o
                0x0800376c                MX_GPIO_Init
 .text.prvTaskExitError
                0x080037cc       0x40 Build/port.o
 .text.prvPortStartFirstTask
                0x0800380c       0x28 Build/port.o
 .text.vPortEnableVFP
                0x08003834       0x14 Build/port.o
 .text.pxPortInitialiseStack
                0x08003848       0x2c Build/port.o
                0x08003848                pxPortInitialiseStack
 *fill*         0x08003874        0xc 
 .text.SVC_Handler
                0x08003880       0x24 Build/port.o
                0x08003880                SVC_Handler
 .text.vPortEnterCritical
                0x080038a4       0x44 Build/port.o
                0x080038a4                vPortEnterCritical
 .text.vPortExitCritical
                0x080038e8       0x2c Build/port.o
                0x080038e8                vPortExitCritical
 *fill*         0x08003914        0xc 
 .text.PendSV_Handler
                0x08003920       0x64 Build/port.o
                0x08003920                PendSV_Handler
 .text.SysTick_Handler
                0x08003984       0x2c Build/port.o
                0x08003984                SysTick_Handler
 .text.vPortSetupTimerInterrupt
                0x080039b0       0x28 Build/port.o
                0x080039b0                vPortSetupTimerInterrupt
 .text.xPortStartScheduler
                0x080039d8      0x118 Build/port.o
                0x080039d8                xPortStartScheduler
 .text.vPortValidateInterruptPriority
                0x08003af0       0x5c Build/port.o
                0x08003af0                vPortValidateInterruptPriority
 .text.prvHeapInit
                0x08003b4c       0x58 Build/heap_4.o
 .text.prvInsertBlockIntoFreeList
                0x08003ba4       0x64 Build/heap_4.o
 .text.pvPortMalloc
                0x08003c08       0xf4 Build/heap_4.o
                0x08003c08                pvPortMalloc
 .text.vPortFree
                0x08003cfc       0x74 Build/heap_4.o
                0x08003cfc                vPortFree
 .text.Reset_Handler
                0x08003d70       0x50 Build/startup_stm32f407xx.o
                0x08003d70                Reset_Handler
 .text.Default_Handler
                0x08003dc0        0x2 Build/startup_stm32f407xx.o
                0x08003dc0                RTC_Alarm_IRQHandler
                0x08003dc0                HASH_RNG_IRQHandler
                0x08003dc0                EXTI2_IRQHandler
                0x08003dc0                TIM8_CC_IRQHandler
                0x08003dc0                TIM1_CC_IRQHandler
                0x08003dc0                DMA2_Stream5_IRQHandler
                0x08003dc0                DMA1_Stream5_IRQHandler
                0x08003dc0                PVD_IRQHandler
                0x08003dc0                SDIO_IRQHandler
                0x08003dc0                TAMP_STAMP_IRQHandler
                0x08003dc0                CAN2_RX1_IRQHandler
                0x08003dc0                EXTI3_IRQHandler
                0x08003dc0                TIM8_TRG_COM_TIM14_IRQHandler
                0x08003dc0                TIM1_UP_TIM10_IRQHandler
                0x08003dc0                TIM8_UP_TIM13_IRQHandler
                0x08003dc0                I2C3_ER_IRQHandler
                0x08003dc0                EXTI0_IRQHandler
                0x08003dc0                I2C2_EV_IRQHandler
                0x08003dc0                DMA1_Stream2_IRQHandler
                0x08003dc0                CAN1_RX0_IRQHandler
                0x08003dc0                FPU_IRQHandler
                0x08003dc0                OTG_HS_WKUP_IRQHandler
                0x08003dc0                CAN2_SCE_IRQHandler
                0x08003dc0                DMA2_Stream2_IRQHandler
                0x08003dc0                SPI1_IRQHandler
                0x08003dc0                TIM6_DAC_IRQHandler
                0x08003dc0                TIM1_BRK_TIM9_IRQHandler
                0x08003dc0                DCMI_IRQHandler
                0x08003dc0                CAN2_RX0_IRQHandler
                0x08003dc0                DMA2_Stream3_IRQHandler
                0x08003dc0                USART6_IRQHandler
                0x08003dc0                CAN1_RX1_IRQHandler
                0x08003dc0                UART5_IRQHandler
                0x08003dc0                DMA2_Stream0_IRQHandler
                0x08003dc0                I2C1_EV_IRQHandler
                0x08003dc0                DMA1_Stream6_IRQHandler
                0x08003dc0                DMA1_Stream1_IRQHandler
                0x08003dc0                UART4_IRQHandler
                0x08003dc0                RCC_IRQHandler
                0x08003dc0                TIM8_BRK_TIM12_IRQHandler
                0x08003dc0                Default_Handler
                0x08003dc0                EXTI15_10_IRQHandler
                0x08003dc0                ADC_IRQHandler
                0x08003dc0                DMA1_Stream7_IRQHandler
                0x08003dc0                CAN2_TX_IRQHandler
                0x08003dc0                TIM5_IRQHandler
                0x08003dc0                DMA2_Stream7_IRQHandler
                0x08003dc0                I2C3_EV_IRQHandler
                0x08003dc0                EXTI9_5_IRQHandler
                0x08003dc0                RTC_WKUP_IRQHandler
                0x08003dc0                ETH_WKUP_IRQHandler
                0x08003dc0                SPI2_IRQHandler
                0x08003dc0                OTG_HS_EP1_IN_IRQHandler
                0x08003dc0                DMA1_Stream0_IRQHandler
                0x08003dc0                CAN1_TX_IRQHandler
                0x08003dc0                EXTI4_IRQHandler
                0x08003dc0                FSMC_IRQHandler
                0x08003dc0                ETH_IRQHandler
                0x08003dc0                OTG_HS_EP1_OUT_IRQHandler
                0x08003dc0                WWDG_IRQHandler
                0x08003dc0                TIM2_IRQHandler
                0x08003dc0                OTG_FS_WKUP_IRQHandler
                0x08003dc0                TIM1_TRG_COM_TIM11_IRQHandler
                0x08003dc0                OTG_HS_IRQHandler
                0x08003dc0                EXTI1_IRQHandler
                0x08003dc0                I2C2_ER_IRQHandler
                0x08003dc0                DMA2_Stream1_IRQHandler
                0x08003dc0                CAN1_SCE_IRQHandler
                0x08003dc0                FLASH_IRQHandler
                0x08003dc0                DMA2_Stream4_IRQHandler
                0x08003dc0                USART1_IRQHandler
                0x08003dc0                OTG_FS_IRQHandler
                0x08003dc0                SPI3_IRQHandler
                0x08003dc0                DMA1_Stream4_IRQHandler
                0x08003dc0                I2C1_ER_IRQHandler
                0x08003dc0                DMA2_Stream6_IRQHandler
                0x08003dc0                DMA1_Stream3_IRQHandler
 .text.memset   0x08003dc2       0x10 D:/Software/Arm Toolchain/arm-gnu-toolchain-13.2.rel1-mingw-w64-i686-arm-none-eabi/arm-gnu-toolchain-13.2.Rel1-mingw-w64-i686-arm-none-eabi/bin/../lib/gcc/arm-none-eabi/13.2.1/thumb/v7e-m+fp/hard\libc_nano.a(libc_a-memset.o)
                0x08003dc2                memset
 *fill*         0x08003dd2        0x2 
 .text.__libc_init_array
                0x08003dd4       0x48 D:/Software/Arm Toolchain/arm-gnu-toolchain-13.2.rel1-mingw-w64-i686-arm-none-eabi/arm-gnu-toolchain-13.2.Rel1-mingw-w64-i686-arm-none-eabi/bin/../lib/gcc/arm-none-eabi/13.2.1/thumb/v7e-m+fp/hard\libc_nano.a(libc_a-init.o)
                0x08003dd4                __libc_init_array
 .text.memcpy   0x08003e1c       0x1c D:/Software/Arm Toolchain/arm-gnu-toolchain-13.2.rel1-mingw-w64-i686-arm-none-eabi/arm-gnu-toolchain-13.2.Rel1-mingw-w64-i686-arm-none-eabi/bin/../lib/gcc/arm-none-eabi/13.2.1/thumb/v7e-m+fp/hard\libc_nano.a(libc_a-memcpy-stub.o)
                0x08003e1c                memcpy
 .text.__udivmoddi4
                0x08003e38      0x2bc D:/Software/Arm Toolchain/arm-gnu-toolchain-13.2.rel1-mingw-w64-i686-arm-none-eabi/arm-gnu-toolchain-13.2.Rel1-mingw-w64-i686-arm-none-eabi/bin/../lib/gcc/arm-none-eabi/13.2.1/thumb/v7e-m+fp/hard\libgcc.a(_udivmoddi4.o)
                0x08003e38                __udivmoddi4
 *(.glue_7)
 .glue_7        0x080040f4        0x0 linker stubs
 *(.glue_7t)
 .glue_7t       0x080040f4        0x0 linker stubs
 *(.eh_frame)
 .eh_frame      0x080040f4        0x0 D:/Software/Arm Toolchain/arm-gnu-toolchain-13.2.rel1-mingw-w64-i686-arm-none-eabi/arm-gnu-toolchain-13.2.Rel1-mingw-w64-i686-arm-none-eabi/bin/../lib/gcc/arm-none-eabi/13.2.1/thumb/v7e-m+fp/hard/crtbegin.o
 *(.init)
 .init          0x080040f4        0x4 D:/Software/Arm Toolchain/arm-gnu-toolchain-13.2.rel1-mingw-w64-i686-arm-none-eabi/arm-gnu-toolchain-13.2.Rel1-mingw-w64-i686-arm-none-eabi/bin/../lib/gcc/arm-none-eabi/13.2.1/thumb/v7e-m+fp/hard/crti.o
                0x080040f4                _init
 .init          0x080040f8        0x8 D:/Software/Arm Toolchain/arm-gnu-toolchain-13.2.rel1-mingw-w64-i686-arm-none-eabi/arm-gnu-toolchain-13.2.Rel1-mingw-w64-i686-arm-none-eabi/bin/../lib/gcc/arm-none-eabi/13.2.1/thumb/v7e-m+fp/hard/crtn.o
 *(.fini)
 .fini          0x08004100        0x4 D:/Software/Arm Toolchain/arm-gnu-toolchain-13.2.rel1-mingw-w64-i686-arm-none-eabi/arm-gnu-toolchain-13.2.Rel1-mingw-w64-i686-arm-none-eabi/bin/../lib/gcc/arm-none-eabi/13.2.1/thumb/v7e-m+fp/hard/crti.o
                0x08004100                _fini
 .fini          0x08004104        0x8 D:/Software/Arm Toolchain/arm-gnu-toolchain-13.2.rel1-mingw-w64-i686-arm-none-eabi/arm-gnu-toolchain-13.2.Rel1-mingw-w64-i686-arm-none-eabi/bin/../lib/gcc/arm-none-eabi/13.2.1/thumb/v7e-m+fp/hard/crtn.o
                0x0800410c                        . = ALIGN (0x4)
                0x0800410c                        _etext = .

.vfp11_veneer   0x0800410c        0x0
 .vfp11_veneer  0x0800410c        0x0 linker stubs

.v4_bx          0x0800410c        0x0
 .v4_bx         0x0800410c        0x0 linker stubs

.iplt           0x0800410c        0x0
 .iplt          0x0800410c        0x0 D:/Software/Arm Toolchain/arm-gnu-toolchain-13.2.rel1-mingw-w64-i686-arm-none-eabi/arm-gnu-toolchain-13.2.Rel1-mingw-w64-i686-arm-none-eabi/bin/../lib/gcc/arm-none-eabi/13.2.1/thumb/v7e-m+fp/hard/crtbegin.o

.rodata         0x0800410c       0x50
                0x0800410c                        . = ALIGN (0x4)
 *(.rodata)
 *(.rodata*)
 .rodata.APBPrescTable
                0x0800410c        0x8 Build/system_stm32f4xx.o
                0x0800410c                APBPrescTable
 .rodata.AHBPrescTable
                0x08004114       0x10 Build/system_stm32f4xx.o
                0x08004114                AHBPrescTable
 .rodata.vTaskStartScheduler.str1.4
                0x08004124       0x1b Build/tasks.o
                                  0x5 (size before relaxing)
 *fill*         0x0800413f        0x1 
 .rodata.uxTopUsedPriority
                0x08004140        0x4 Build/tasks.o
                0x08004140                uxTopUsedPriority
 .rodata.prvCheckForValidListAndQueue.str1.4
                0x08004144        0x5 Build/timers.o
 .rodata.xTimerCreateTimerTask.str1.4
                0x08004144        0x8 Build/timers.o
 .rodata.StateEstimator
                0x08004144        0x4 Build/state_estimator.o
                0x08004144                StateEstimator
 .rodata.start.str1.4
                0x08004148        0x3 Build/active_object.o
 .rodata.entry_evt.0
                0x08004148        0x2 Build/active_object.o
 *fill*         0x0800414a        0x2 
 .rodata.entry_evt.1
                0x0800414c        0x2 Build/active_object.o
 *fill*         0x0800414e        0x2 
 .rodata.exit_evt.2
                0x08004150        0x2 Build/active_object.o
 *fill*         0x08004152        0x2 
 .rodata.entry_evt.3
                0x08004154        0x2 Build/active_object.o
 *fill*         0x08004156        0x2 
 .rodata.time_evt.0
                0x08004158        0x2 Build/encoder.o
                0x0800415c                        . = ALIGN (0x4)
 *fill*         0x0800415a        0x2 

.ARM.extab
 *(.ARM.extab* .gnu.linkonce.armextab.*)

.ARM            0x0800415c        0x8
                0x0800415c                        __exidx_start = .
 *(.ARM.exidx*)
 .ARM.exidx.text.__udivmoddi4
                0x0800415c        0x8 D:/Software/Arm Toolchain/arm-gnu-toolchain-13.2.rel1-mingw-w64-i686-arm-none-eabi/arm-gnu-toolchain-13.2.Rel1-mingw-w64-i686-arm-none-eabi/bin/../lib/gcc/arm-none-eabi/13.2.1/thumb/v7e-m+fp/hard\libgcc.a(_udivmoddi4.o)
                0x08004164                        __exidx_end = .

.rel.dyn        0x08004164        0x0
 .rel.iplt      0x08004164        0x0 D:/Software/Arm Toolchain/arm-gnu-toolchain-13.2.rel1-mingw-w64-i686-arm-none-eabi/arm-gnu-toolchain-13.2.Rel1-mingw-w64-i686-arm-none-eabi/bin/../lib/gcc/arm-none-eabi/13.2.1/thumb/v7e-m+fp/hard/crtbegin.o

.preinit_array  0x08004164        0x0
                0x08004164                        PROVIDE (__preinit_array_start = .)
 *(.preinit_array*)
                0x08004164                        PROVIDE (__preinit_array_end = .)

.init_array     0x08004164        0x4
                0x08004164                        PROVIDE (__init_array_start = .)
 *(SORT_BY_NAME(.init_array.*))
 *(.init_array*)
 .init_array    0x08004164        0x4 D:/Software/Arm Toolchain/arm-gnu-toolchain-13.2.rel1-mingw-w64-i686-arm-none-eabi/arm-gnu-toolchain-13.2.Rel1-mingw-w64-i686-arm-none-eabi/bin/../lib/gcc/arm-none-eabi/13.2.1/thumb/v7e-m+fp/hard/crtbegin.o
                0x08004168                        PROVIDE (__init_array_end = .)

.fini_array     0x08004168        0x4
                [!provide]                        PROVIDE (__fini_array_start = .)
 *(SORT_BY_NAME(.fini_array.*))
 *(.fini_array*)
 .fini_array    0x08004168        0x4 D:/Software/Arm Toolchain/arm-gnu-toolchain-13.2.rel1-mingw-w64-i686-arm-none-eabi/arm-gnu-toolchain-13.2.Rel1-mingw-w64-i686-arm-none-eabi/bin/../lib/gcc/arm-none-eabi/13.2.1/thumb/v7e-m+fp/hard/crtbegin.o
                [!provide]                        PROVIDE (__fini_array_end = .)
                0x0800416c                        _sidata = LOADADDR (.data)

.data           0x20000000       0x10 load address 0x0800416c
                0x20000000                        . = ALIGN (0x4)
                0x20000000                        _sdata = .
 *(.data)
 *(.data*)
 .data.uwTickFreq
                0x20000000        0x1 Build/stm32f4xx_hal.o
                0x20000000                uwTickFreq
 *fill*         0x20000001        0x3 
 .data.uwTickPrio
                0x20000004        0x4 Build/stm32f4xx_hal.o
                0x20000004                uwTickPrio
 .data.SystemCoreClock
                0x20000008        0x4 Build/system_stm32f4xx.o
                0x20000008                SystemCoreClock
 .data.uxCriticalNesting
                0x2000000c        0x4 Build/port.o
                0x20000010                        . = ALIGN (0x4)
                0x20000010                        _edata = .
                0x0800417c                        _siccmram = LOADADDR (.ccmram)

.tm_clone_table
                0x20000010        0x0 load address 0x0800417c
 .tm_clone_table
                0x20000010        0x0 D:/Software/Arm Toolchain/arm-gnu-toolchain-13.2.rel1-mingw-w64-i686-arm-none-eabi/arm-gnu-toolchain-13.2.Rel1-mingw-w64-i686-arm-none-eabi/bin/../lib/gcc/arm-none-eabi/13.2.1/thumb/v7e-m+fp/hard/crtbegin.o
 .tm_clone_table
                0x20000010        0x0 D:/Software/Arm Toolchain/arm-gnu-toolchain-13.2.rel1-mingw-w64-i686-arm-none-eabi/arm-gnu-toolchain-13.2.Rel1-mingw-w64-i686-arm-none-eabi/bin/../lib/gcc/arm-none-eabi/13.2.1/thumb/v7e-m+fp/hard/crtend.o

.igot.plt       0x20000010        0x0 load address 0x0800417c
 .igot.plt      0x20000010        0x0 D:/Software/Arm Toolchain/arm-gnu-toolchain-13.2.rel1-mingw-w64-i686-arm-none-eabi/arm-gnu-toolchain-13.2.Rel1-mingw-w64-i686-arm-none-eabi/bin/../lib/gcc/arm-none-eabi/13.2.1/thumb/v7e-m+fp/hard/crtbegin.o

.ccmram         0x10000000        0x0 load address 0x0800417c
                0x10000000                        . = ALIGN (0x4)
                0x10000000                        _sccmram = .
 *(.ccmram)
 *(.ccmram*)
                0x10000000                        . = ALIGN (0x4)
                0x10000000                        _eccmram = .
                0x10000000                        . = ALIGN (0x4)

.bss            0x20000010    0x13034
                0x20000010                        _sbss = .
                0x20000010                        __bss_start__ = _sbss
 *(.bss)
 *(.bss*)
 .bss.completed.1
                0x20000010        0x1 D:/Software/Arm Toolchain/arm-gnu-toolchain-13.2.rel1-mingw-w64-i686-arm-none-eabi/arm-gnu-toolchain-13.2.Rel1-mingw-w64-i686-arm-none-eabi/bin/../lib/gcc/arm-none-eabi/13.2.1/thumb/v7e-m+fp/hard/crtbegin.o
 *fill*         0x20000011        0x3 
 .bss.object.0  0x20000014       0x18 D:/Software/Arm Toolchain/arm-gnu-toolchain-13.2.rel1-mingw-w64-i686-arm-none-eabi/arm-gnu-toolchain-13.2.Rel1-mingw-w64-i686-arm-none-eabi/bin/../lib/gcc/arm-none-eabi/13.2.1/thumb/v7e-m+fp/hard/crtbegin.o
 .bss.uwTick    0x2000002c        0x4 Build/stm32f4xx_hal.o
                0x2000002c                uwTick
 .bss.state_estimator
                0x20000030       0xe8 Build/main.o
 .bss.xQueueRegistry
                0x20000118       0x40 Build/queue.o
                0x20000118                xQueueRegistry
 .bss.uxSchedulerSuspended
                0x20000158        0x4 Build/tasks.o
 .bss.xIdleTaskHandle
                0x2000015c        0x4 Build/tasks.o
 .bss.xNextTaskUnblockTime
                0x20000160        0x4 Build/tasks.o
 .bss.uxTaskNumber
                0x20000164        0x4 Build/tasks.o
 .bss.xNumOfOverflows
                0x20000168        0x4 Build/tasks.o
 .bss.xYieldPending
                0x2000016c        0x4 Build/tasks.o
 .bss.xPendedTicks
                0x20000170        0x4 Build/tasks.o
 .bss.xSchedulerRunning
                0x20000174        0x4 Build/tasks.o
 .bss.uxTopReadyPriority
                0x20000178        0x4 Build/tasks.o
 .bss.xTickCount
                0x2000017c        0x4 Build/tasks.o
 .bss.uxCurrentNumberOfTasks
                0x20000180        0x4 Build/tasks.o
 .bss.xSuspendedTaskList
                0x20000184       0x14 Build/tasks.o
 .bss.uxDeletedTasksWaitingCleanUp
                0x20000198        0x4 Build/tasks.o
 .bss.xTasksWaitingTermination
                0x2000019c       0x14 Build/tasks.o
 .bss.xPendingReadyList
                0x200001b0       0x14 Build/tasks.o
 .bss.pxOverflowDelayedTaskList
                0x200001c4        0x4 Build/tasks.o
 .bss.pxDelayedTaskList
                0x200001c8        0x4 Build/tasks.o
 .bss.xDelayedTaskList2
                0x200001cc       0x14 Build/tasks.o
 .bss.xDelayedTaskList1
                0x200001e0       0x14 Build/tasks.o
 .bss.pxReadyTasksLists
                0x200001f4       0x64 Build/tasks.o
 .bss.pxCurrentTCB
                0x20000258        0x4 Build/tasks.o
                0x20000258                pxCurrentTCB
 .bss.xLastTime.0
                0x2000025c        0x4 Build/timers.o
 .bss.xTimerTaskHandle
                0x20000260        0x4 Build/timers.o
 .bss.xTimerQueue
                0x20000264        0x4 Build/timers.o
 .bss.pxOverflowTimerList
                0x20000268        0x4 Build/timers.o
 .bss.pxCurrentTimerList
                0x2000026c        0x4 Build/timers.o
 .bss.xActiveTimerList2
                0x20000270       0x14 Build/timers.o
 .bss.xActiveTimerList1
                0x20000284       0x14 Build/timers.o
 .bss.huart3    0x20000298       0x44 Build/computer_communicator.o
 .bss.state_topic.0
                0x200002dc       0x18 Build/state_estimator.o
 .bss.encoder_topic.1
                0x200002f4        0x4 Build/state_estimator.o
 .bss.state_estimator
                0x200002f8        0x4 Build/state_estimator.o
                0x200002f8                state_estimator
 .bss.ao_estimator
                0x200002fc        0x4 Build/state_estimator.o
                0x200002fc                ao_estimator
 .bss.huart2    0x20000300       0x44 Build/motor_communicator.o
 .bss.encoder_topic
                0x20000344        0x4 Build/encoder.o
 .bss.htim7     0x20000348       0x48 Build/encoder.o
                0x20000348                htim7
 .bss.htim4     0x20000390       0x48 Build/encoder.o
                0x20000390                htim4
 .bss.htim3     0x200003d8       0x48 Build/encoder.o
                0x200003d8                htim3
 .bss.ulMaxPRIGROUPValue
                0x20000420        0x4 Build/port.o
 .bss.ucMaxSysCallPriority
                0x20000424        0x1 Build/port.o
 *fill*         0x20000425        0x3 
 .bss.xNumberOfSuccessfulFrees
                0x20000428        0x4 Build/heap_4.o
 .bss.xNumberOfSuccessfulAllocations
                0x2000042c        0x4 Build/heap_4.o
 .bss.xMinimumEverFreeBytesRemaining
                0x20000430        0x4 Build/heap_4.o
 .bss.xFreeBytesRemaining
                0x20000434        0x4 Build/heap_4.o
 .bss.pxEnd     0x20000438        0x4 Build/heap_4.o
 .bss.xStart    0x2000043c        0x8 Build/heap_4.o
 .bss.ucHeap    0x20000444    0x12c00 Build/heap_4.o
 *(COMMON)
                0x20013044                        . = ALIGN (0x4)
                0x20013044                        _ebss = .
                0x20013044                        __bss_end__ = _ebss

._user_heap_stack
                0x20013044      0x604
                0x20013048                        . = ALIGN (0x8)
 *fill*         0x20013044        0x4 
                0x20013048                        PROVIDE (end = .)
                [!provide]                        PROVIDE (_end = .)
                0x20013248                        . = (. + _Min_Heap_Size)
 *fill*         0x20013048      0x200 
                0x20013648                        . = (. + _Min_Stack_Size)
 *fill*         0x20013248      0x400 
                0x20013648                        . = ALIGN (0x8)

/DISCARD/
 libc.a(*)
 libm.a(*)
 libgcc.a(*)

.ARM.attributes
                0x00000000       0x30
 *(.ARM.attributes)
 .ARM.attributes
                0x00000000       0x22 D:/Software/Arm Toolchain/arm-gnu-toolchain-13.2.rel1-mingw-w64-i686-arm-none-eabi/arm-gnu-toolchain-13.2.Rel1-mingw-w64-i686-arm-none-eabi/bin/../lib/gcc/arm-none-eabi/13.2.1/thumb/v7e-m+fp/hard/crti.o
 .ARM.attributes
                0x00000022       0x34 D:/Software/Arm Toolchain/arm-gnu-toolchain-13.2.rel1-mingw-w64-i686-arm-none-eabi/arm-gnu-toolchain-13.2.Rel1-mingw-w64-i686-arm-none-eabi/bin/../lib/gcc/arm-none-eabi/13.2.1/thumb/v7e-m+fp/hard/crtbegin.o
 .ARM.attributes
                0x00000056       0x34 Build/stm32f4xx_hal.o
 .ARM.attributes
                0x0000008a       0x34 Build/stm32f4xx_hal_cortex.o
 .ARM.attributes
                0x000000be       0x34 Build/stm32f4xx_hal_dma.o
 .ARM.attributes
                0x000000f2       0x34 Build/stm32f4xx_hal_gpio.o
 .ARM.attributes
                0x00000126       0x34 Build/stm32f4xx_hal_rcc.o
 .ARM.attributes
                0x0000015a       0x34 Build/stm32f4xx_hal_tim.o
 .ARM.attributes
                0x0000018e       0x34 Build/stm32f4xx_hal_tim_ex.o
 .ARM.attributes
                0x000001c2       0x34 Build/stm32f4xx_hal_uart.o
 .ARM.attributes
                0x000001f6       0x34 Build/main.o
 .ARM.attributes
                0x0000022a       0x34 Build/stm32f4xx_hal_msp.o
 .ARM.attributes
                0x0000025e       0x34 Build/stm32f4xx_it.o
 .ARM.attributes
                0x00000292       0x34 Build/system_stm32f4xx.o
 .ARM.attributes
                0x000002c6       0x34 Build/list.o
 .ARM.attributes
                0x000002fa       0x34 Build/queue.o
 .ARM.attributes
                0x0000032e       0x34 Build/tasks.o
 .ARM.attributes
                0x00000362       0x34 Build/timers.o
 .ARM.attributes
                0x00000396       0x34 Build/computer_communicator.o
 .ARM.attributes
                0x000003ca       0x34 Build/state_estimator.o
 .ARM.attributes
                0x000003fe       0x34 Build/dsp.o
 .ARM.attributes
                0x00000432       0x34 Build/active_object.o
 .ARM.attributes
                0x00000466       0x34 Build/motor_communicator.o
 .ARM.attributes
                0x0000049a       0x34 Build/encoder.o
 .ARM.attributes
                0x000004ce       0x34 Build/system_config.o
 .ARM.attributes
                0x00000502       0x34 Build/port.o
 .ARM.attributes
                0x00000536       0x34 Build/heap_4.o
 .ARM.attributes
                0x0000056a       0x21 Build/startup_stm32f407xx.o
 .ARM.attributes
                0x0000058b       0x34 D:/Software/Arm Toolchain/arm-gnu-toolchain-13.2.rel1-mingw-w64-i686-arm-none-eabi/arm-gnu-toolchain-13.2.Rel1-mingw-w64-i686-arm-none-eabi/bin/../lib/gcc/arm-none-eabi/13.2.1/thumb/v7e-m+fp/hard\libc_nano.a(libc_a-memset.o)
 .ARM.attributes
                0x000005bf       0x34 D:/Software/Arm Toolchain/arm-gnu-toolchain-13.2.rel1-mingw-w64-i686-arm-none-eabi/arm-gnu-toolchain-13.2.Rel1-mingw-w64-i686-arm-none-eabi/bin/../lib/gcc/arm-none-eabi/13.2.1/thumb/v7e-m+fp/hard\libc_nano.a(libc_a-init.o)
 .ARM.attributes
                0x000005f3       0x34 D:/Software/Arm Toolchain/arm-gnu-toolchain-13.2.rel1-mingw-w64-i686-arm-none-eabi/arm-gnu-toolchain-13.2.Rel1-mingw-w64-i686-arm-none-eabi/bin/../lib/gcc/arm-none-eabi/13.2.1/thumb/v7e-m+fp/hard\libc_nano.a(libc_a-memcpy-stub.o)
 .ARM.attributes
                0x00000627       0x22 D:/Software/Arm Toolchain/arm-gnu-toolchain-13.2.rel1-mingw-w64-i686-arm-none-eabi/arm-gnu-toolchain-13.2.Rel1-mingw-w64-i686-arm-none-eabi/bin/../lib/gcc/arm-none-eabi/13.2.1/thumb/v7e-m+fp/hard\libgcc.a(_aeabi_uldivmod.o)
 .ARM.attributes
                0x00000649       0x34 D:/Software/Arm Toolchain/arm-gnu-toolchain-13.2.rel1-mingw-w64-i686-arm-none-eabi/arm-gnu-toolchain-13.2.Rel1-mingw-w64-i686-arm-none-eabi/bin/../lib/gcc/arm-none-eabi/13.2.1/thumb/v7e-m+fp/hard\libgcc.a(_udivmoddi4.o)
 .ARM.attributes
                0x0000067d       0x22 D:/Software/Arm Toolchain/arm-gnu-toolchain-13.2.rel1-mingw-w64-i686-arm-none-eabi/arm-gnu-toolchain-13.2.Rel1-mingw-w64-i686-arm-none-eabi/bin/../lib/gcc/arm-none-eabi/13.2.1/thumb/v7e-m+fp/hard\libgcc.a(_dvmd_tls.o)
 .ARM.attributes
                0x0000069f       0x34 D:/Software/Arm Toolchain/arm-gnu-toolchain-13.2.rel1-mingw-w64-i686-arm-none-eabi/arm-gnu-toolchain-13.2.Rel1-mingw-w64-i686-arm-none-eabi/bin/../lib/gcc/arm-none-eabi/13.2.1/thumb/v7e-m+fp/hard/crtend.o
 .ARM.attributes
                0x000006d3       0x22 D:/Software/Arm Toolchain/arm-gnu-toolchain-13.2.rel1-mingw-w64-i686-arm-none-eabi/arm-gnu-toolchain-13.2.Rel1-mingw-w64-i686-arm-none-eabi/bin/../lib/gcc/arm-none-eabi/13.2.1/thumb/v7e-m+fp/hard/crtn.o
OUTPUT(Build/FirmwareSTM32.elf elf32-littlearm)
LOAD linker stubs
LOAD D:/Software/Arm Toolchain/arm-gnu-toolchain-13.2.rel1-mingw-w64-i686-arm-none-eabi/arm-gnu-toolchain-13.2.Rel1-mingw-w64-i686-arm-none-eabi/bin/../lib/gcc/arm-none-eabi/13.2.1/thumb/v7e-m+fp/hard\libc.a
LOAD D:/Software/Arm Toolchain/arm-gnu-toolchain-13.2.rel1-mingw-w64-i686-arm-none-eabi/arm-gnu-toolchain-13.2.Rel1-mingw-w64-i686-arm-none-eabi/bin/../lib/gcc/arm-none-eabi/13.2.1/thumb/v7e-m+fp/hard\libm.a
LOAD D:/Software/Arm Toolchain/arm-gnu-toolchain-13.2.rel1-mingw-w64-i686-arm-none-eabi/arm-gnu-toolchain-13.2.Rel1-mingw-w64-i686-arm-none-eabi/bin/../lib/gcc/arm-none-eabi/13.2.1/thumb/v7e-m+fp/hard\libgcc.a

.debug_info     0x00000000    0x1cd56
 .debug_info    0x00000000      0xafa Build/stm32f4xx_hal.o
 .debug_info    0x00000afa     0x1186 Build/stm32f4xx_hal_cortex.o
 .debug_info    0x00001c80      0xbce Build/stm32f4xx_hal_dma.o
 .debug_info    0x0000284e      0x848 Build/stm32f4xx_hal_gpio.o
 .debug_info    0x00003096      0xc0a Build/stm32f4xx_hal_rcc.o
 .debug_info    0x00003ca0     0x4122 Build/stm32f4xx_hal_tim.o
 .debug_info    0x00007dc2     0x1d76 Build/stm32f4xx_hal_tim_ex.o
 .debug_info    0x00009b38     0x44af Build/stm32f4xx_hal_uart.o
 .debug_info    0x0000dfe7      0xa6e Build/main.o
 .debug_info    0x0000ea55      0x300 Build/stm32f4xx_hal_msp.o
 .debug_info    0x0000ed55      0x110 Build/stm32f4xx_it.o
 .debug_info    0x0000ee65      0x5b3 Build/system_stm32f4xx.o
 .debug_info    0x0000f418      0x30f Build/list.o
 .debug_info    0x0000f727     0x25ff Build/queue.o
 .debug_info    0x00011d26     0x3398 Build/tasks.o
 .debug_info    0x000150be     0x14fb Build/timers.o
 .debug_info    0x000165b9      0x719 Build/computer_communicator.o
 .debug_info    0x00016cd2     0x1468 Build/state_estimator.o
 .debug_info    0x0001813a      0x3d0 Build/dsp.o
 .debug_info    0x0001850a      0xb07 Build/active_object.o
 .debug_info    0x00019011      0xe4c Build/motor_communicator.o
 .debug_info    0x00019e5d     0x1bca Build/encoder.o
 .debug_info    0x0001ba27      0x65d Build/system_config.o
 .debug_info    0x0001c084      0x5c2 Build/port.o
 .debug_info    0x0001c646      0x6e0 Build/heap_4.o
 .debug_info    0x0001cd26       0x30 Build/startup_stm32f407xx.o

.debug_abbrev   0x00000000     0x3ccb
 .debug_abbrev  0x00000000      0x244 Build/stm32f4xx_hal.o
 .debug_abbrev  0x00000244      0x3d3 Build/stm32f4xx_hal_cortex.o
 .debug_abbrev  0x00000617      0x2fe Build/stm32f4xx_hal_dma.o
 .debug_abbrev  0x00000915      0x22b Build/stm32f4xx_hal_gpio.o
 .debug_abbrev  0x00000b40      0x2de Build/stm32f4xx_hal_rcc.o
 .debug_abbrev  0x00000e1e      0x2b6 Build/stm32f4xx_hal_tim.o
 .debug_abbrev  0x000010d4      0x2b0 Build/stm32f4xx_hal_tim_ex.o
 .debug_abbrev  0x00001384      0x36f Build/stm32f4xx_hal_uart.o
 .debug_abbrev  0x000016f3      0x234 Build/main.o
 .debug_abbrev  0x00001927       0xd3 Build/stm32f4xx_hal_msp.o
 .debug_abbrev  0x000019fa       0x46 Build/stm32f4xx_it.o
 .debug_abbrev  0x00001a40      0x11b Build/system_stm32f4xx.o
 .debug_abbrev  0x00001b5b      0x124 Build/list.o
 .debug_abbrev  0x00001c7f      0x39f Build/queue.o
 .debug_abbrev  0x0000201e      0x403 Build/tasks.o
 .debug_abbrev  0x00002421      0x33d Build/timers.o
 .debug_abbrev  0x0000275e      0x1ac Build/computer_communicator.o
 .debug_abbrev  0x0000290a      0x32b Build/state_estimator.o
 .debug_abbrev  0x00002c35      0x15b Build/dsp.o
 .debug_abbrev  0x00002d90      0x252 Build/active_object.o
 .debug_abbrev  0x00002fe2      0x24e Build/motor_communicator.o
 .debug_abbrev  0x00003230      0x338 Build/encoder.o
 .debug_abbrev  0x00003568      0x1c2 Build/system_config.o
 .debug_abbrev  0x0000372a      0x2af Build/port.o
 .debug_abbrev  0x000039d9      0x2d5 Build/heap_4.o
 .debug_abbrev  0x00003cae       0x1d Build/startup_stm32f407xx.o

.debug_loc      0x00000000    0x17555
 .debug_loc     0x00000000      0x1f9 Build/stm32f4xx_hal.o
 .debug_loc     0x000001f9      0x8df Build/stm32f4xx_hal_cortex.o
 .debug_loc     0x00000ad8      0xe9a Build/stm32f4xx_hal_dma.o
 .debug_loc     0x00001972      0x60b Build/stm32f4xx_hal_gpio.o
 .debug_loc     0x00001f7d      0x720 Build/stm32f4xx_hal_rcc.o
 .debug_loc     0x0000269d     0x606e Build/stm32f4xx_hal_tim.o
 .debug_loc     0x0000870b     0x2265 Build/stm32f4xx_hal_tim_ex.o
 .debug_loc     0x0000a970     0x52b6 Build/stm32f4xx_hal_uart.o
 .debug_loc     0x0000fc26       0x2c Build/main.o
 .debug_loc     0x0000fc52       0x2c Build/stm32f4xx_hal_msp.o
 .debug_loc     0x0000fc7e      0x181 Build/system_stm32f4xx.o
 .debug_loc     0x0000fdff       0xeb Build/list.o
 .debug_loc     0x0000feea     0x1dd6 Build/queue.o
 .debug_loc     0x00011cc0     0x3155 Build/tasks.o
 .debug_loc     0x00014e15     0x12b1 Build/timers.o
 .debug_loc     0x000160c6       0x8b Build/computer_communicator.o
 .debug_loc     0x00016151      0x2ad Build/state_estimator.o
 .debug_loc     0x000163fe       0xad Build/dsp.o
 .debug_loc     0x000164ab      0x433 Build/active_object.o
 .debug_loc     0x000168de      0x140 Build/motor_communicator.o
 .debug_loc     0x00016a1e      0x389 Build/encoder.o
 .debug_loc     0x00016da7       0x72 Build/system_config.o
 .debug_loc     0x00016e19      0x1c6 Build/port.o
 .debug_loc     0x00016fdf      0x576 Build/heap_4.o

.debug_aranges  0x00000000     0x1258
 .debug_aranges
                0x00000000       0xf0 Build/stm32f4xx_hal.o
 .debug_aranges
                0x000000f0       0xd8 Build/stm32f4xx_hal_cortex.o
 .debug_aranges
                0x000001c8       0x90 Build/stm32f4xx_hal_dma.o
 .debug_aranges
                0x00000258       0x58 Build/stm32f4xx_hal_gpio.o
 .debug_aranges
                0x000002b0       0x88 Build/stm32f4xx_hal_rcc.o
 .debug_aranges
                0x00000338      0x3d0 Build/stm32f4xx_hal_tim.o
 .debug_aranges
                0x00000708      0x168 Build/stm32f4xx_hal_tim_ex.o
 .debug_aranges
                0x00000870      0x200 Build/stm32f4xx_hal_uart.o
 .debug_aranges
                0x00000a70       0x20 Build/main.o
 .debug_aranges
                0x00000a90       0x20 Build/stm32f4xx_hal_msp.o
 .debug_aranges
                0x00000ab0       0x48 Build/stm32f4xx_it.o
 .debug_aranges
                0x00000af8       0x28 Build/system_stm32f4xx.o
 .debug_aranges
                0x00000b20       0x40 Build/list.o
 .debug_aranges
                0x00000b60      0x130 Build/queue.o
 .debug_aranges
                0x00000c90      0x1f8 Build/tasks.o
 .debug_aranges
                0x00000e88       0xe8 Build/timers.o
 .debug_aranges
                0x00000f70       0x30 Build/computer_communicator.o
 .debug_aranges
                0x00000fa0       0x40 Build/state_estimator.o
 .debug_aranges
                0x00000fe0       0x40 Build/dsp.o
 .debug_aranges
                0x00001020       0x50 Build/active_object.o
 .debug_aranges
                0x00001070       0x40 Build/motor_communicator.o
 .debug_aranges
                0x000010b0       0x70 Build/encoder.o
 .debug_aranges
                0x00001120       0x30 Build/system_config.o
 .debug_aranges
                0x00001150       0x80 Build/port.o
 .debug_aranges
                0x000011d0       0x60 Build/heap_4.o
 .debug_aranges
                0x00001230       0x28 Build/startup_stm32f407xx.o

.debug_ranges   0x00000000     0x1448
 .debug_ranges  0x00000000       0xe0 Build/stm32f4xx_hal.o
 .debug_ranges  0x000000e0       0xc8 Build/stm32f4xx_hal_cortex.o
 .debug_ranges  0x000001a8       0x80 Build/stm32f4xx_hal_dma.o
 .debug_ranges  0x00000228       0x48 Build/stm32f4xx_hal_gpio.o
 .debug_ranges  0x00000270       0x90 Build/stm32f4xx_hal_rcc.o
 .debug_ranges  0x00000300      0x3c0 Build/stm32f4xx_hal_tim.o
 .debug_ranges  0x000006c0      0x158 Build/stm32f4xx_hal_tim_ex.o
 .debug_ranges  0x00000818      0x208 Build/stm32f4xx_hal_uart.o
 .debug_ranges  0x00000a20       0x10 Build/main.o
 .debug_ranges  0x00000a30       0x10 Build/stm32f4xx_hal_msp.o
 .debug_ranges  0x00000a40       0x38 Build/stm32f4xx_it.o
 .debug_ranges  0x00000a78       0x18 Build/system_stm32f4xx.o
 .debug_ranges  0x00000a90       0x30 Build/list.o
 .debug_ranges  0x00000ac0      0x220 Build/queue.o
 .debug_ranges  0x00000ce0      0x428 Build/tasks.o
 .debug_ranges  0x00001108       0xd8 Build/timers.o
 .debug_ranges  0x000011e0       0x20 Build/computer_communicator.o
 .debug_ranges  0x00001200       0x30 Build/state_estimator.o
 .debug_ranges  0x00001230       0x30 Build/dsp.o
 .debug_ranges  0x00001260       0x40 Build/active_object.o
 .debug_ranges  0x000012a0       0x30 Build/motor_communicator.o
 .debug_ranges  0x000012d0       0x60 Build/encoder.o
 .debug_ranges  0x00001330       0x20 Build/system_config.o
 .debug_ranges  0x00001350       0x88 Build/port.o
 .debug_ranges  0x000013d8       0x50 Build/heap_4.o
 .debug_ranges  0x00001428       0x20 Build/startup_stm32f407xx.o

.debug_line     0x00000000    0x15b95
 .debug_line    0x00000000      0x61d Build/stm32f4xx_hal.o
 .debug_line    0x0000061d      0x89e Build/stm32f4xx_hal_cortex.o
 .debug_line    0x00000ebb      0xee9 Build/stm32f4xx_hal_dma.o
 .debug_line    0x00001da4      0x7ab Build/stm32f4xx_hal_gpio.o
 .debug_line    0x0000254f      0xc3b Build/stm32f4xx_hal_rcc.o
 .debug_line    0x0000318a     0x47ed Build/stm32f4xx_hal_tim.o
 .debug_line    0x00007977     0x1b83 Build/stm32f4xx_hal_tim_ex.o
 .debug_line    0x000094fa     0x3665 Build/stm32f4xx_hal_uart.o
 .debug_line    0x0000cb5f      0x45f Build/main.o
 .debug_line    0x0000cfbe      0x20c Build/stm32f4xx_hal_msp.o
 .debug_line    0x0000d1ca       0xc8 Build/stm32f4xx_it.o
 .debug_line    0x0000d292      0x304 Build/system_stm32f4xx.o
 .debug_line    0x0000d596      0x3db Build/list.o
 .debug_line    0x0000d971     0x1c6e Build/queue.o
 .debug_line    0x0000f5df     0x2a06 Build/tasks.o
 .debug_line    0x00011fe5      0xc83 Build/timers.o
 .debug_line    0x00012c68      0x309 Build/computer_communicator.o
 .debug_line    0x00012f71      0x5bd Build/state_estimator.o
 .debug_line    0x0001352e      0x370 Build/dsp.o
 .debug_line    0x0001389e      0x3b2 Build/active_object.o
 .debug_line    0x00013c50      0x3e8 Build/motor_communicator.o
 .debug_line    0x00014038      0x7c9 Build/encoder.o
 .debug_line    0x00014801      0x3ab Build/system_config.o
 .debug_line    0x00014bac      0x6aa Build/port.o
 .debug_line    0x00015256      0x8cc Build/heap_4.o
 .debug_line    0x00015b22       0x73 Build/startup_stm32f407xx.o

.debug_str      0x00000000     0x5fec
 .debug_str     0x00000000     0x5fec Build/stm32f4xx_hal.o
                                0xb58 (size before relaxing)
 .debug_str     0x00005fec      0xc20 Build/stm32f4xx_hal_cortex.o
 .debug_str     0x00005fec      0x76a Build/stm32f4xx_hal_dma.o
 .debug_str     0x00005fec      0x4d4 Build/stm32f4xx_hal_gpio.o
 .debug_str     0x00005fec      0x6fa Build/stm32f4xx_hal_rcc.o
 .debug_str     0x00005fec     0x16e3 Build/stm32f4xx_hal_tim.o
 .debug_str     0x00005fec      0xeff Build/stm32f4xx_hal_tim_ex.o
 .debug_str     0x00005fec      0xd4d Build/stm32f4xx_hal_uart.o
 .debug_str     0x00005fec      0x6f3 Build/main.o
 .debug_str     0x00005fec      0x2c1 Build/stm32f4xx_hal_msp.o
 .debug_str     0x00005fec      0x1fe Build/stm32f4xx_it.o
 .debug_str     0x00005fec      0x369 Build/system_stm32f4xx.o
 .debug_str     0x00005fec      0x2e2 Build/list.o
 .debug_str     0x00005fec      0xb9d Build/queue.o
 .debug_str     0x00005fec     0x11f8 Build/tasks.o
 .debug_str     0x00005fec      0x92c Build/timers.o
 .debug_str     0x00005fec      0x6ae Build/computer_communicator.o
 .debug_str     0x00005fec      0xcd6 Build/state_estimator.o
 .debug_str     0x00005fec      0x315 Build/dsp.o
 .debug_str     0x00005fec      0x55c Build/active_object.o
 .debug_str     0x00005fec      0xd6b Build/motor_communicator.o
 .debug_str     0x00005fec     0x14b0 Build/encoder.o
 .debug_str     0x00005fec      0x493 Build/system_config.o
 .debug_str     0x00005fec      0x45e Build/port.o
 .debug_str     0x00005fec      0x530 Build/heap_4.o
 .debug_str     0x00005fec       0x76 Build/startup_stm32f407xx.o

.comment        0x00000000       0x44
 .comment       0x00000000       0x44 Build/stm32f4xx_hal.o
                                 0x45 (size before relaxing)
 .comment       0x00000044       0x45 Build/stm32f4xx_hal_cortex.o
 .comment       0x00000044       0x45 Build/stm32f4xx_hal_dma.o
 .comment       0x00000044       0x45 Build/stm32f4xx_hal_gpio.o
 .comment       0x00000044       0x45 Build/stm32f4xx_hal_rcc.o
 .comment       0x00000044       0x45 Build/stm32f4xx_hal_tim.o
 .comment       0x00000044       0x45 Build/stm32f4xx_hal_tim_ex.o
 .comment       0x00000044       0x45 Build/stm32f4xx_hal_uart.o
 .comment       0x00000044       0x45 Build/main.o
 .comment       0x00000044       0x45 Build/stm32f4xx_hal_msp.o
 .comment       0x00000044       0x45 Build/stm32f4xx_it.o
 .comment       0x00000044       0x45 Build/system_stm32f4xx.o
 .comment       0x00000044       0x45 Build/list.o
 .comment       0x00000044       0x45 Build/queue.o
 .comment       0x00000044       0x45 Build/tasks.o
 .comment       0x00000044       0x45 Build/timers.o
 .comment       0x00000044       0x45 Build/computer_communicator.o
 .comment       0x00000044       0x45 Build/state_estimator.o
 .comment       0x00000044       0x45 Build/dsp.o
 .comment       0x00000044       0x45 Build/active_object.o
 .comment       0x00000044       0x45 Build/motor_communicator.o
 .comment       0x00000044       0x45 Build/encoder.o
 .comment       0x00000044       0x45 Build/system_config.o
 .comment       0x00000044       0x45 Build/port.o
 .comment       0x00000044       0x45 Build/heap_4.o

.debug_frame    0x00000000     0x31a4
 .debug_frame   0x00000000      0x1ec Build/stm32f4xx_hal.o
 .debug_frame   0x000001ec      0x1cc Build/stm32f4xx_hal_cortex.o
 .debug_frame   0x000003b8      0x188 Build/stm32f4xx_hal_dma.o
 .debug_frame   0x00000540       0xd8 Build/stm32f4xx_hal_gpio.o
 .debug_frame   0x00000618      0x16c Build/stm32f4xx_hal_rcc.o
 .debug_frame   0x00000784      0xb0c Build/stm32f4xx_hal_tim.o
 .debug_frame   0x00001290      0x418 Build/stm32f4xx_hal_tim_ex.o
 .debug_frame   0x000016a8      0x5c4 Build/stm32f4xx_hal_uart.o
 .debug_frame   0x00001c6c       0x28 Build/main.o
 .debug_frame   0x00001c94       0x28 Build/stm32f4xx_hal_msp.o
 .debug_frame   0x00001cbc       0x70 Build/stm32f4xx_it.o
 .debug_frame   0x00001d2c       0x30 Build/system_stm32f4xx.o
 .debug_frame   0x00001d5c       0x70 Build/list.o
 .debug_frame   0x00001dcc      0x3cc Build/queue.o
 .debug_frame   0x00002198      0x644 Build/tasks.o
 .debug_frame   0x000027dc      0x2bc Build/timers.o
 .debug_frame   0x00002a98       0x58 Build/computer_communicator.o
 .debug_frame   0x00002af0       0x80 Build/state_estimator.o
 .debug_frame   0x00002b70       0x6c Build/dsp.o
 .debug_frame   0x00002bdc       0xcc Build/active_object.o
 .debug_frame   0x00002ca8       0x88 Build/motor_communicator.o
 .debug_frame   0x00002d30      0x14c Build/encoder.o
 .debug_frame   0x00002e7c       0x58 Build/system_config.o
 .debug_frame   0x00002ed4      0x110 Build/port.o
 .debug_frame   0x00002fe4       0xec Build/heap_4.o
 .debug_frame   0x000030d0       0x20 D:/Software/Arm Toolchain/arm-gnu-toolchain-13.2.rel1-mingw-w64-i686-arm-none-eabi/arm-gnu-toolchain-13.2.Rel1-mingw-w64-i686-arm-none-eabi/bin/../lib/gcc/arm-none-eabi/13.2.1/thumb/v7e-m+fp/hard\libc_nano.a(libc_a-memset.o)
 .debug_frame   0x000030f0       0x2c D:/Software/Arm Toolchain/arm-gnu-toolchain-13.2.rel1-mingw-w64-i686-arm-none-eabi/arm-gnu-toolchain-13.2.Rel1-mingw-w64-i686-arm-none-eabi/bin/../lib/gcc/arm-none-eabi/13.2.1/thumb/v7e-m+fp/hard\libc_nano.a(libc_a-init.o)
 .debug_frame   0x0000311c       0x28 D:/Software/Arm Toolchain/arm-gnu-toolchain-13.2.rel1-mingw-w64-i686-arm-none-eabi/arm-gnu-toolchain-13.2.Rel1-mingw-w64-i686-arm-none-eabi/bin/../lib/gcc/arm-none-eabi/13.2.1/thumb/v7e-m+fp/hard\libc_nano.a(libc_a-memcpy-stub.o)
 .debug_frame   0x00003144       0x2c D:/Software/Arm Toolchain/arm-gnu-toolchain-13.2.rel1-mingw-w64-i686-arm-none-eabi/arm-gnu-toolchain-13.2.Rel1-mingw-w64-i686-arm-none-eabi/bin/../lib/gcc/arm-none-eabi/13.2.1/thumb/v7e-m+fp/hard\libgcc.a(_aeabi_uldivmod.o)
 .debug_frame   0x00003170       0x34 D:/Software/Arm Toolchain/arm-gnu-toolchain-13.2.rel1-mingw-w64-i686-arm-none-eabi/arm-gnu-toolchain-13.2.Rel1-mingw-w64-i686-arm-none-eabi/bin/../lib/gcc/arm-none-eabi/13.2.1/thumb/v7e-m+fp/hard\libgcc.a(_udivmoddi4.o)

.debug_line_str
                0x00000000       0xd5
 .debug_line_str
                0x00000000       0xd5 D:/Software/Arm Toolchain/arm-gnu-toolchain-13.2.rel1-mingw-w64-i686-arm-none-eabi/arm-gnu-toolchain-13.2.Rel1-mingw-w64-i686-arm-none-eabi/bin/../lib/gcc/arm-none-eabi/13.2.1/thumb/v7e-m+fp/hard\libgcc.a(_aeabi_uldivmod.o)
                                 0xc9 (size before relaxing)
 .debug_line_str
                0x000000d5       0xcd D:/Software/Arm Toolchain/arm-gnu-toolchain-13.2.rel1-mingw-w64-i686-arm-none-eabi/arm-gnu-toolchain-13.2.Rel1-mingw-w64-i686-arm-none-eabi/bin/../lib/gcc/arm-none-eabi/13.2.1/thumb/v7e-m+fp/hard\libgcc.a(_dvmd_tls.o)

Cross Reference Table

Symbol                                            File
ADC_IRQHandler                                    Build/startup_stm32f407xx.o
AHBPrescTable                                     Build/system_stm32f4xx.o
                                                  Build/stm32f4xx_hal_rcc.o
APBPrescTable                                     Build/system_stm32f4xx.o
                                                  Build/stm32f4xx_hal_rcc.o
Ao_new                                            Build/active_object.o
                                                  Build/state_estimator.o
App_ComputerCommunicator_Init                     Build/computer_communicator.o
                                                  Build/main.o
BusFault_Handler                                  Build/stm32f4xx_it.o
CAN1_RX0_IRQHandler                               Build/startup_stm32f407xx.o
CAN1_RX1_IRQHandler                               Build/startup_stm32f407xx.o
CAN1_SCE_IRQHandler                               Build/startup_stm32f407xx.o
CAN1_TX_IRQHandler                                Build/startup_stm32f407xx.o
CAN2_RX0_IRQHandler                               Build/startup_stm32f407xx.o
CAN2_RX1_IRQHandler                               Build/startup_stm32f407xx.o
CAN2_SCE_IRQHandler                               Build/startup_stm32f407xx.o
CAN2_TX_IRQHandler                                Build/startup_stm32f407xx.o
DCMI_IRQHandler                                   Build/startup_stm32f407xx.o
DMA1_Stream0_IRQHandler                           Build/startup_stm32f407xx.o
DMA1_Stream1_IRQHandler                           Build/startup_stm32f407xx.o
DMA1_Stream2_IRQHandler                           Build/startup_stm32f407xx.o
DMA1_Stream3_IRQHandler                           Build/startup_stm32f407xx.o
DMA1_Stream4_IRQHandler                           Build/startup_stm32f407xx.o
DMA1_Stream5_IRQHandler                           Build/startup_stm32f407xx.o
DMA1_Stream6_IRQHandler                           Build/startup_stm32f407xx.o
DMA1_Stream7_IRQHandler                           Build/startup_stm32f407xx.o
DMA2_Stream0_IRQHandler                           Build/startup_stm32f407xx.o
DMA2_Stream1_IRQHandler                           Build/startup_stm32f407xx.o
DMA2_Stream2_IRQHandler                           Build/startup_stm32f407xx.o
DMA2_Stream3_IRQHandler                           Build/startup_stm32f407xx.o
DMA2_Stream4_IRQHandler                           Build/startup_stm32f407xx.o
DMA2_Stream5_IRQHandler                           Build/startup_stm32f407xx.o
DMA2_Stream6_IRQHandler                           Build/startup_stm32f407xx.o
DMA2_Stream7_IRQHandler                           Build/startup_stm32f407xx.o
DebugMon_Handler                                  Build/stm32f4xx_it.o
Default_Handler                                   Build/startup_stm32f407xx.o
Driver_Encoder_Init                               Build/encoder.o
                                                  Build/main.o
Driver_MotorCommunicator_Init                     Build/motor_communicator.o
                                                  Build/main.o
Dsp_new                                           Build/dsp.o
                                                  Build/state_estimator.o
ETH_IRQHandler                                    Build/startup_stm32f407xx.o
ETH_WKUP_IRQHandler                               Build/startup_stm32f407xx.o
EXTI0_IRQHandler                                  Build/startup_stm32f407xx.o
EXTI15_10_IRQHandler                              Build/startup_stm32f407xx.o
EXTI1_IRQHandler                                  Build/startup_stm32f407xx.o
EXTI2_IRQHandler                                  Build/startup_stm32f407xx.o
EXTI3_IRQHandler                                  Build/startup_stm32f407xx.o
EXTI4_IRQHandler                                  Build/startup_stm32f407xx.o
EXTI9_5_IRQHandler                                Build/startup_stm32f407xx.o
Error_Handler                                     Build/system_config.o
FLASH_Erase_Sector                                Build/stm32f4xx_hal_flash_ex.o
                                                  Build/stm32f4xx_hal_flash.o
FLASH_FlushCaches                                 Build/stm32f4xx_hal_flash_ex.o
                                                  Build/stm32f4xx_hal_flash.o
FLASH_IRQHandler                                  Build/startup_stm32f407xx.o
FLASH_WaitForLastOperation                        Build/stm32f4xx_hal_flash.o
                                                  Build/stm32f4xx_hal_flash_ex.o
FPU_IRQHandler                                    Build/startup_stm32f407xx.o
FSMC_IRQHandler                                   Build/startup_stm32f407xx.o
HAL_DBGMCU_DisableDBGSleepMode                    Build/stm32f4xx_hal.o
HAL_DBGMCU_DisableDBGStandbyMode                  Build/stm32f4xx_hal.o
HAL_DBGMCU_DisableDBGStopMode                     Build/stm32f4xx_hal.o
HAL_DBGMCU_EnableDBGSleepMode                     Build/stm32f4xx_hal.o
HAL_DBGMCU_EnableDBGStandbyMode                   Build/stm32f4xx_hal.o
HAL_DBGMCU_EnableDBGStopMode                      Build/stm32f4xx_hal.o
HAL_DMAEx_ChangeMemory                            Build/stm32f4xx_hal_dma_ex.o
HAL_DMAEx_MultiBufferStart                        Build/stm32f4xx_hal_dma_ex.o
HAL_DMAEx_MultiBufferStart_IT                     Build/stm32f4xx_hal_dma_ex.o
HAL_DMA_Abort                                     Build/stm32f4xx_hal_dma.o
                                                  Build/stm32f4xx_hal_uart.o
HAL_DMA_Abort_IT                                  Build/stm32f4xx_hal_dma.o
                                                  Build/stm32f4xx_hal_uart.o
                                                  Build/stm32f4xx_hal_tim_ex.o
                                                  Build/stm32f4xx_hal_tim.o
HAL_DMA_DeInit                                    Build/stm32f4xx_hal_dma.o
HAL_DMA_GetError                                  Build/stm32f4xx_hal_dma.o
                                                  Build/stm32f4xx_hal_uart.o
HAL_DMA_GetState                                  Build/stm32f4xx_hal_dma.o
HAL_DMA_IRQHandler                                Build/stm32f4xx_hal_dma.o
HAL_DMA_Init                                      Build/stm32f4xx_hal_dma.o
HAL_DMA_PollForTransfer                           Build/stm32f4xx_hal_dma.o
HAL_DMA_RegisterCallback                          Build/stm32f4xx_hal_dma.o
HAL_DMA_Start                                     Build/stm32f4xx_hal_dma.o
HAL_DMA_Start_IT                                  Build/stm32f4xx_hal_dma.o
                                                  Build/stm32f4xx_hal_uart.o
                                                  Build/stm32f4xx_hal_tim_ex.o
                                                  Build/stm32f4xx_hal_tim.o
HAL_DMA_UnRegisterCallback                        Build/stm32f4xx_hal_dma.o
HAL_DeInit                                        Build/stm32f4xx_hal.o
HAL_Delay                                         Build/stm32f4xx_hal.o
HAL_DisableCompensationCell                       Build/stm32f4xx_hal.o
HAL_EXTI_ClearConfigLine                          Build/stm32f4xx_hal_exti.o
HAL_EXTI_ClearPending                             Build/stm32f4xx_hal_exti.o
HAL_EXTI_GenerateSWI                              Build/stm32f4xx_hal_exti.o
HAL_EXTI_GetConfigLine                            Build/stm32f4xx_hal_exti.o
HAL_EXTI_GetHandle                                Build/stm32f4xx_hal_exti.o
HAL_EXTI_GetPending                               Build/stm32f4xx_hal_exti.o
HAL_EXTI_IRQHandler                               Build/stm32f4xx_hal_exti.o
HAL_EXTI_RegisterCallback                         Build/stm32f4xx_hal_exti.o
HAL_EXTI_SetConfigLine                            Build/stm32f4xx_hal_exti.o
HAL_EnableCompensationCell                        Build/stm32f4xx_hal.o
HAL_FLASHEx_Erase                                 Build/stm32f4xx_hal_flash_ex.o
HAL_FLASHEx_Erase_IT                              Build/stm32f4xx_hal_flash_ex.o
HAL_FLASHEx_OBGetConfig                           Build/stm32f4xx_hal_flash_ex.o
HAL_FLASHEx_OBProgram                             Build/stm32f4xx_hal_flash_ex.o
HAL_FLASH_EndOfOperationCallback                  Build/stm32f4xx_hal_flash.o
HAL_FLASH_GetError                                Build/stm32f4xx_hal_flash.o
HAL_FLASH_IRQHandler                              Build/stm32f4xx_hal_flash.o
HAL_FLASH_Lock                                    Build/stm32f4xx_hal_flash.o
HAL_FLASH_OB_Launch                               Build/stm32f4xx_hal_flash.o
HAL_FLASH_OB_Lock                                 Build/stm32f4xx_hal_flash.o
HAL_FLASH_OB_Unlock                               Build/stm32f4xx_hal_flash.o
HAL_FLASH_OperationErrorCallback                  Build/stm32f4xx_hal_flash.o
HAL_FLASH_Program                                 Build/stm32f4xx_hal_flash.o
HAL_FLASH_Program_IT                              Build/stm32f4xx_hal_flash.o
HAL_FLASH_Unlock                                  Build/stm32f4xx_hal_flash.o
HAL_GPIO_DeInit                                   Build/stm32f4xx_hal_gpio.o
HAL_GPIO_EXTI_Callback                            Build/stm32f4xx_hal_gpio.o
HAL_GPIO_EXTI_IRQHandler                          Build/stm32f4xx_hal_gpio.o
HAL_GPIO_Init                                     Build/stm32f4xx_hal_gpio.o
                                                  Build/encoder.o
                                                  Build/motor_communicator.o
                                                  Build/stm32f4xx_hal_rcc.o
HAL_GPIO_LockPin                                  Build/stm32f4xx_hal_gpio.o
HAL_GPIO_ReadPin                                  Build/stm32f4xx_hal_gpio.o
HAL_GPIO_TogglePin                                Build/stm32f4xx_hal_gpio.o
HAL_GPIO_WritePin                                 Build/stm32f4xx_hal_gpio.o
HAL_GetDEVID                                      Build/stm32f4xx_hal.o
HAL_GetHalVersion                                 Build/stm32f4xx_hal.o
HAL_GetREVID                                      Build/stm32f4xx_hal.o
HAL_GetTick                                       Build/stm32f4xx_hal.o
                                                  Build/stm32f4xx_hal_uart.o
                                                  Build/stm32f4xx_hal_rcc_ex.o
                                                  Build/stm32f4xx_hal_rcc.o
                                                  Build/stm32f4xx_hal_pwr_ex.o
                                                  Build/stm32f4xx_hal_flash.o
                                                  Build/stm32f4xx_hal_dma.o
HAL_GetTickFreq                                   Build/stm32f4xx_hal.o
HAL_GetTickPrio                                   Build/stm32f4xx_hal.o
HAL_GetUIDw0                                      Build/stm32f4xx_hal.o
HAL_GetUIDw1                                      Build/stm32f4xx_hal.o
HAL_GetUIDw2                                      Build/stm32f4xx_hal.o
HAL_HalfDuplex_EnableReceiver                     Build/stm32f4xx_hal_uart.o
HAL_HalfDuplex_EnableTransmitter                  Build/stm32f4xx_hal_uart.o
HAL_HalfDuplex_Init                               Build/stm32f4xx_hal_uart.o
HAL_IncTick                                       Build/stm32f4xx_hal.o
HAL_Init                                          Build/stm32f4xx_hal.o
                                                  Build/main.o
HAL_InitTick                                      Build/stm32f4xx_hal.o
                                                  Build/stm32f4xx_hal_rcc_ex.o
                                                  Build/stm32f4xx_hal_rcc.o
HAL_LIN_Init                                      Build/stm32f4xx_hal_uart.o
HAL_LIN_SendBreak                                 Build/stm32f4xx_hal_uart.o
HAL_MPU_ConfigRegion                              Build/stm32f4xx_hal_cortex.o
HAL_MPU_Disable                                   Build/stm32f4xx_hal_cortex.o
HAL_MPU_Enable                                    Build/stm32f4xx_hal_cortex.o
HAL_MspDeInit                                     Build/stm32f4xx_hal.o
HAL_MspInit                                       Build/stm32f4xx_hal_msp.o
                                                  Build/stm32f4xx_hal.o
HAL_MultiProcessor_EnterMuteMode                  Build/stm32f4xx_hal_uart.o
HAL_MultiProcessor_ExitMuteMode                   Build/stm32f4xx_hal_uart.o
HAL_MultiProcessor_Init                           Build/stm32f4xx_hal_uart.o
HAL_NVIC_ClearPendingIRQ                          Build/stm32f4xx_hal_cortex.o
HAL_NVIC_DisableIRQ                               Build/stm32f4xx_hal_cortex.o
HAL_NVIC_EnableIRQ                                Build/stm32f4xx_hal_cortex.o
                                                  Build/encoder.o
                                                  Build/motor_communicator.o
HAL_NVIC_GetActive                                Build/stm32f4xx_hal_cortex.o
HAL_NVIC_GetPendingIRQ                            Build/stm32f4xx_hal_cortex.o
HAL_NVIC_GetPriority                              Build/stm32f4xx_hal_cortex.o
HAL_NVIC_GetPriorityGrouping                      Build/stm32f4xx_hal_cortex.o
HAL_NVIC_SetPendingIRQ                            Build/stm32f4xx_hal_cortex.o
HAL_NVIC_SetPriority                              Build/stm32f4xx_hal_cortex.o
                                                  Build/encoder.o
                                                  Build/motor_communicator.o
                                                  Build/stm32f4xx_hal.o
HAL_NVIC_SetPriorityGrouping                      Build/stm32f4xx_hal_cortex.o
                                                  Build/stm32f4xx_hal.o
HAL_NVIC_SystemReset                              Build/stm32f4xx_hal_cortex.o
HAL_PWREx_ControlVoltageScaling                   Build/stm32f4xx_hal_pwr_ex.o
HAL_PWREx_DisableBkUpReg                          Build/stm32f4xx_hal_pwr_ex.o
HAL_PWREx_DisableFlashPowerDown                   Build/stm32f4xx_hal_pwr_ex.o
HAL_PWREx_EnableBkUpReg                           Build/stm32f4xx_hal_pwr_ex.o
HAL_PWREx_EnableFlashPowerDown                    Build/stm32f4xx_hal_pwr_ex.o
HAL_PWREx_GetVoltageRange                         Build/stm32f4xx_hal_pwr_ex.o
HAL_PWR_ConfigPVD                                 Build/stm32f4xx_hal_pwr.o
HAL_PWR_DeInit                                    Build/stm32f4xx_hal_pwr.o
HAL_PWR_DisableBkUpAccess                         Build/stm32f4xx_hal_pwr.o
HAL_PWR_DisablePVD                                Build/stm32f4xx_hal_pwr.o
HAL_PWR_DisableSEVOnPend                          Build/stm32f4xx_hal_pwr.o
HAL_PWR_DisableSleepOnExit                        Build/stm32f4xx_hal_pwr.o
HAL_PWR_DisableWakeUpPin                          Build/stm32f4xx_hal_pwr.o
HAL_PWR_EnableBkUpAccess                          Build/stm32f4xx_hal_pwr.o
HAL_PWR_EnablePVD                                 Build/stm32f4xx_hal_pwr.o
HAL_PWR_EnableSEVOnPend                           Build/stm32f4xx_hal_pwr.o
HAL_PWR_EnableSleepOnExit                         Build/stm32f4xx_hal_pwr.o
HAL_PWR_EnableWakeUpPin                           Build/stm32f4xx_hal_pwr.o
HAL_PWR_EnterSLEEPMode                            Build/stm32f4xx_hal_pwr.o
HAL_PWR_EnterSTANDBYMode                          Build/stm32f4xx_hal_pwr.o
HAL_PWR_EnterSTOPMode                             Build/stm32f4xx_hal_pwr.o
HAL_PWR_PVDCallback                               Build/stm32f4xx_hal_pwr.o
HAL_PWR_PVD_IRQHandler                            Build/stm32f4xx_hal_pwr.o
HAL_RCCEx_DisablePLLI2S                           Build/stm32f4xx_hal_rcc_ex.o
HAL_RCCEx_EnablePLLI2S                            Build/stm32f4xx_hal_rcc_ex.o
HAL_RCCEx_GetPeriphCLKConfig                      Build/stm32f4xx_hal_rcc_ex.o
HAL_RCCEx_GetPeriphCLKFreq                        Build/stm32f4xx_hal_rcc_ex.o
HAL_RCCEx_PeriphCLKConfig                         Build/stm32f4xx_hal_rcc_ex.o
HAL_RCC_CSSCallback                               Build/stm32f4xx_hal_rcc.o
HAL_RCC_ClockConfig                               Build/stm32f4xx_hal_rcc.o
                                                  Build/system_config.o
HAL_RCC_DeInit                                    Build/stm32f4xx_hal_rcc_ex.o
                                                  Build/stm32f4xx_hal_rcc.o
HAL_RCC_DisableCSS                                Build/stm32f4xx_hal_rcc.o
HAL_RCC_EnableCSS                                 Build/stm32f4xx_hal_rcc.o
HAL_RCC_GetClockConfig                            Build/stm32f4xx_hal_rcc.o
HAL_RCC_GetHCLKFreq                               Build/stm32f4xx_hal_rcc.o
HAL_RCC_GetOscConfig                              Build/stm32f4xx_hal_rcc.o
HAL_RCC_GetPCLK1Freq                              Build/stm32f4xx_hal_rcc.o
                                                  Build/stm32f4xx_hal_uart.o
HAL_RCC_GetPCLK2Freq                              Build/stm32f4xx_hal_rcc.o
                                                  Build/stm32f4xx_hal_uart.o
HAL_RCC_GetSysClockFreq                           Build/stm32f4xx_hal_rcc.o
HAL_RCC_MCOConfig                                 Build/stm32f4xx_hal_rcc.o
HAL_RCC_NMI_IRQHandler                            Build/stm32f4xx_hal_rcc.o
HAL_RCC_OscConfig                                 Build/stm32f4xx_hal_rcc.o
                                                  Build/system_config.o
HAL_ResumeTick                                    Build/stm32f4xx_hal.o
HAL_SYSTICK_CLKSourceConfig                       Build/stm32f4xx_hal_cortex.o
HAL_SYSTICK_Callback                              Build/stm32f4xx_hal_cortex.o